-- The C compiler identification is GNU 13.3.0
-- The CXX compiler identification is GNU 13.3.0
-- Detecting C compiler ABI info
-- Detecting C compiler ABI info - done
-- Check for working C compiler: /usr/bin/cc - skipped
-- Detecting C compile features
-- Detecting C compile features - done
-- Detecting CXX compiler ABI info
-- Detecting CXX compiler ABI info - done
-- Check for working CXX compiler: /usr/bin/c++ - skipped
-- Detecting CXX compile features
-- Detecting CXX compile features - done
-- Found ament_cmake: 2.5.6 (/opt/ros/jazzy/share/ament_cmake/cmake)
-- Found Python3: /usr/bin/python3 (found version "3.12.3") found components: Interpreter 
-- Found rclcpp: 28.1.18 (/opt/ros/jazzy/share/rclcpp/cmake)
-- Found rosidl_generator_c: 4.6.7 (/opt/ros/jazzy/share/rosidl_generator_c/cmake)
-- Found rosidl_generator_cpp: 4.6.7 (/opt/ros/jazzy/share/rosidl_generator_cpp/cmake)
-- Using all available rosidl_typesupport_c: rosidl_typesupport_fastrtps_c;rosidl_typesupport_introspection_c
-- Using all available rosidl_typesupport_cpp: rosidl_typesupport_fastrtps_cpp;rosidl_typesupport_introspection_cpp
-- Found rmw_implementation_cmake: 7.3.3 (/opt/ros/jazzy/share/rmw_implementation_cmake/cmake)
-- Found rmw_fastrtps_cpp: 8.4.3 (/opt/ros/jazzy/share/rmw_fastrtps_cpp/cmake)
-- Found OpenSSL: /usr/lib/aarch64-linux-gnu/libcrypto.so (found version "3.0.13")  
-- Found FastRTPS: /opt/ros/jazzy/include (Required is at least version "2.13") 
-- Using RMW implementation 'rmw_fastrtps_cpp' as default
-- Found rclpy: 7.1.11 (/opt/ros/jazzy/share/rclpy/cmake)
-- Found std_msgs: 5.3.7 (/opt/ros/jazzy/share/std_msgs/cmake)
-- Found nav_msgs: 5.3.7 (/opt/ros/jazzy/share/nav_msgs/cmake)
-- Found sensor_msgs: 5.3.7 (/opt/ros/jazzy/share/sensor_msgs/cmake)
-- Found ament_lint_auto: 0.17.5 (/opt/ros/jazzy/share/ament_lint_auto/cmake)
-- Added test 'flake8' to check Python code syntax and style conventions
-- Configured 'flake8' exclude dirs and/or files: 
-- Added test 'lint_cmake' to check CMake code style
-- Added test 'pep257' to check Python code against some of the docstring style conventions in PEP 257
-- Added test 'xmllint' to check XML markup files
-- Configuring done (4.4s)
-- Generating done (0.0s)
-- Build files have been written to: /home/ubuntu/ros2_ws/src/kalman_filter_ws/build/extended_kalman_filter
-- Install configuration: ""
-- Installing: /home/ubuntu/ros2_ws/src/kalman_filter_ws/install/extended_kalman_filter/share/extended_kalman_filter//launch
-- Installing: /home/ubuntu/ros2_ws/src/kalman_filter_ws/install/extended_kalman_filter/share/extended_kalman_filter//launch/launcher.launch.py
-- Installing: /home/ubuntu/ros2_ws/src/kalman_filter_ws/install/extended_kalman_filter/share/extended_kalman_filter//src
-- Installing: /home/ubuntu/ros2_ws/src/kalman_filter_ws/install/extended_kalman_filter/share/extended_kalman_filter//scripts
-- Installing: /home/ubuntu/ros2_ws/src/kalman_filter_ws/install/extended_kalman_filter/share/extended_kalman_filter//scripts/node_extra.py
-- Installing: /home/ubuntu/ros2_ws/src/kalman_filter_ws/install/extended_kalman_filter/share/extended_kalman_filter//scripts/node_odometry.py
-- Installing: /home/ubuntu/ros2_ws/src/kalman_filter_ws/install/extended_kalman_filter/share/extended_kalman_filter//scripts/closed_loop_ctrl.py
-- Installing: /home/ubuntu/ros2_ws/src/kalman_filter_ws/install/extended_kalman_filter/share/extended_kalman_filter//scripts/error.py
-- Installing: /home/ubuntu/ros2_ws/src/kalman_filter_ws/install/extended_kalman_filter/lib/extended_kalman_filter/node_extra.py
-- Installing: /home/ubuntu/ros2_ws/src/kalman_filter_ws/install/extended_kalman_filter/lib/extended_kalman_filter/error.py
-- Installing: /home/ubuntu/ros2_ws/src/kalman_filter_ws/install/extended_kalman_filter/lib/extended_kalman_filter/node_odometry.py
-- Installing: /home/ubuntu/ros2_ws/src/kalman_filter_ws/install/extended_kalman_filter/lib/extended_kalman_filter/closed_loop_ctrl.py
-- Installing: /home/ubuntu/ros2_ws/src/kalman_filter_ws/install/extended_kalman_filter/share/ament_index/resource_index/package_run_dependencies/extended_kalman_filter
-- Installing: /home/ubuntu/ros2_ws/src/kalman_filter_ws/install/extended_kalman_filter/share/ament_index/resource_index/parent_prefix_path/extended_kalman_filter
-- Installing: /home/ubuntu/ros2_ws/src/kalman_filter_ws/install/extended_kalman_filter/share/extended_kalman_filter/environment/ament_prefix_path.sh
-- Installing: /home/ubuntu/ros2_ws/src/kalman_filter_ws/install/extended_kalman_filter/share/extended_kalman_filter/environment/ament_prefix_path.dsv
-- Installing: /home/ubuntu/ros2_ws/src/kalman_filter_ws/install/extended_kalman_filter/share/extended_kalman_filter/environment/path.sh
-- Installing: /home/ubuntu/ros2_ws/src/kalman_filter_ws/install/extended_kalman_filter/share/extended_kalman_filter/environment/path.dsv
-- Installing: /home/ubuntu/ros2_ws/src/kalman_filter_ws/install/extended_kalman_filter/share/extended_kalman_filter/local_setup.bash
-- Installing: /home/ubuntu/ros2_ws/src/kalman_filter_ws/install/extended_kalman_filter/share/extended_kalman_filter/local_setup.sh
-- Installing: /home/ubuntu/ros2_ws/src/kalman_filter_ws/install/extended_kalman_filter/share/extended_kalman_filter/local_setup.zsh
-- Installing: /home/ubuntu/ros2_ws/src/kalman_filter_ws/install/extended_kalman_filter/share/extended_kalman_filter/local_setup.dsv
-- Installing: /home/ubuntu/ros2_ws/src/kalman_filter_ws/install/extended_kalman_filter/share/extended_kalman_filter/package.dsv
-- Installing: /home/ubuntu/ros2_ws/src/kalman_filter_ws/install/extended_kalman_filter/share/ament_index/resource_index/packages/extended_kalman_filter
-- Installing: /home/ubuntu/ros2_ws/src/kalman_filter_ws/install/extended_kalman_filter/share/extended_kalman_filter/cmake/extended_kalman_filterConfig.cmake
-- Installing: /home/ubuntu/ros2_ws/src/kalman_filter_ws/install/extended_kalman_filter/share/extended_kalman_filter/cmake/extended_kalman_filterConfig-version.cmake
-- Installing: /home/ubuntu/ros2_ws/src/kalman_filter_ws/install/extended_kalman_filter/share/extended_kalman_filter/package.xml
