[0.031s] Invoking command in '/home/ubuntu/ros2_ws/src/kalman_filter_ws/build/extended_kalman_filter': CMAKE_PREFIX_PATH=${CMAKE_PREFIX_PATH}:/opt/ros/jazzy /usr/bin/cmake /home/ubuntu/ros2_ws/src/kalman_filter_ws/src/extended_kalman_filter -DCMAKE_INSTALL_PREFIX=/home/ubuntu/ros2_ws/src/kalman_filter_ws/install/extended_kalman_filter
[0.517s] -- The C compiler identification is GNU 13.3.0
[0.882s] -- The CXX compiler identification is GNU 13.3.0
[0.986s] -- Detecting C compiler ABI info
[1.312s] -- Detecting C compiler ABI info - done
[1.387s] -- Check for working C compiler: /usr/bin/cc - skipped
[1.390s] -- Detecting C compile features
[1.393s] -- Detecting C compile features - done
[1.423s] -- Detecting CXX compiler ABI info
[1.676s] -- Detecting CXX compiler ABI info - done
[1.750s] -- Check for working CXX compiler: /usr/bin/c++ - skipped
[1.752s] -- Detecting CXX compile features
[1.753s] -- Detecting CXX compile features - done
[1.776s] -- Found ament_cmake: 2.5.6 (/opt/ros/jazzy/share/ament_cmake/cmake)
[2.126s] -- Found Python3: /usr/bin/python3 (found version "3.12.3") found components: Interpreter 
[2.602s] -- Found rclcpp: 28.1.18 (/opt/ros/jazzy/share/rclcpp/cmake)
[2.806s] -- Found rosidl_generator_c: 4.6.7 (/opt/ros/jazzy/share/rosidl_generator_c/cmake)
[2.866s] -- Found rosidl_generator_cpp: 4.6.7 (/opt/ros/jazzy/share/rosidl_generator_cpp/cmake)
[2.944s] -- Using all available rosidl_typesupport_c: rosidl_typesupport_fastrtps_c;rosidl_typesupport_introspection_c
[3.030s] -- Using all available rosidl_typesupport_cpp: rosidl_typesupport_fastrtps_cpp;rosidl_typesupport_introspection_cpp
[3.309s] -- Found rmw_implementation_cmake: 7.3.3 (/opt/ros/jazzy/share/rmw_implementation_cmake/cmake)
[3.324s] -- Found rmw_fastrtps_cpp: 8.4.3 (/opt/ros/jazzy/share/rmw_fastrtps_cpp/cmake)
[3.615s] -- Found OpenSSL: /usr/lib/aarch64-linux-gnu/libcrypto.so (found version "3.0.13")  
[3.691s] -- Found FastRTPS: /opt/ros/jazzy/include (Required is at least version "2.13") 
[3.745s] -- Using RMW implementation 'rmw_fastrtps_cpp' as default
[3.992s] -- Found rclpy: 7.1.11 (/opt/ros/jazzy/share/rclpy/cmake)
[3.999s] -- Found std_msgs: 5.3.7 (/opt/ros/jazzy/share/std_msgs/cmake)
[4.064s] -- Found nav_msgs: 5.3.7 (/opt/ros/jazzy/share/nav_msgs/cmake)
[4.204s] -- Found sensor_msgs: 5.3.7 (/opt/ros/jazzy/share/sensor_msgs/cmake)
[4.278s] -- Found ament_lint_auto: 0.17.5 (/opt/ros/jazzy/share/ament_lint_auto/cmake)
[4.534s] -- Added test 'flake8' to check Python code syntax and style conventions
[4.536s] -- Configured 'flake8' exclude dirs and/or files: 
[4.544s] -- Added test 'lint_cmake' to check CMake code style
[4.548s] -- Added test 'pep257' to check Python code against some of the docstring style conventions in PEP 257
[4.557s] -- Added test 'xmllint' to check XML markup files
[4.564s] -- Configuring done (4.4s)
[4.587s] -- Generating done (0.0s)
[4.598s] -- Build files have been written to: /home/ubuntu/ros2_ws/src/kalman_filter_ws/build/extended_kalman_filter
[4.620s] Invoked command in '/home/ubuntu/ros2_ws/src/kalman_filter_ws/build/extended_kalman_filter' returned '0': CMAKE_PREFIX_PATH=${CMAKE_PREFIX_PATH}:/opt/ros/jazzy /usr/bin/cmake /home/ubuntu/ros2_ws/src/kalman_filter_ws/src/extended_kalman_filter -DCMAKE_INSTALL_PREFIX=/home/ubuntu/ros2_ws/src/kalman_filter_ws/install/extended_kalman_filter
[4.622s] Invoking command in '/home/ubuntu/ros2_ws/src/kalman_filter_ws/build/extended_kalman_filter': CMAKE_PREFIX_PATH=${CMAKE_PREFIX_PATH}:/opt/ros/jazzy /usr/bin/cmake --build /home/ubuntu/ros2_ws/src/kalman_filter_ws/build/extended_kalman_filter -- -j8 -l8
[4.717s] Invoked command in '/home/ubuntu/ros2_ws/src/kalman_filter_ws/build/extended_kalman_filter' returned '0': CMAKE_PREFIX_PATH=${CMAKE_PREFIX_PATH}:/opt/ros/jazzy /usr/bin/cmake --build /home/ubuntu/ros2_ws/src/kalman_filter_ws/build/extended_kalman_filter -- -j8 -l8
[4.748s] Invoking command in '/home/ubuntu/ros2_ws/src/kalman_filter_ws/build/extended_kalman_filter': CMAKE_PREFIX_PATH=${CMAKE_PREFIX_PATH}:/opt/ros/jazzy /usr/bin/cmake --install /home/ubuntu/ros2_ws/src/kalman_filter_ws/build/extended_kalman_filter
[4.760s] -- Install configuration: ""
[4.761s] -- Installing: /home/ubuntu/ros2_ws/src/kalman_filter_ws/install/extended_kalman_filter/share/extended_kalman_filter//launch
[4.762s] -- Installing: /home/ubuntu/ros2_ws/src/kalman_filter_ws/install/extended_kalman_filter/share/extended_kalman_filter//launch/launcher.launch.py
[4.764s] -- Installing: /home/ubuntu/ros2_ws/src/kalman_filter_ws/install/extended_kalman_filter/share/extended_kalman_filter//src
[4.766s] -- Installing: /home/ubuntu/ros2_ws/src/kalman_filter_ws/install/extended_kalman_filter/share/extended_kalman_filter//scripts
[4.767s] -- Installing: /home/ubuntu/ros2_ws/src/kalman_filter_ws/install/extended_kalman_filter/share/extended_kalman_filter//scripts/node_extra.py
[4.769s] -- Installing: /home/ubuntu/ros2_ws/src/kalman_filter_ws/install/extended_kalman_filter/share/extended_kalman_filter//scripts/node_odometry.py
[4.771s] -- Installing: /home/ubuntu/ros2_ws/src/kalman_filter_ws/install/extended_kalman_filter/share/extended_kalman_filter//scripts/closed_loop_ctrl.py
[4.773s] -- Installing: /home/ubuntu/ros2_ws/src/kalman_filter_ws/install/extended_kalman_filter/share/extended_kalman_filter//scripts/error.py
[4.777s] -- Installing: /home/ubuntu/ros2_ws/src/kalman_filter_ws/install/extended_kalman_filter/lib/extended_kalman_filter/node_extra.py
[4.779s] -- Installing: /home/ubuntu/ros2_ws/src/kalman_filter_ws/install/extended_kalman_filter/lib/extended_kalman_filter/error.py
[4.781s] -- Installing: /home/ubuntu/ros2_ws/src/kalman_filter_ws/install/extended_kalman_filter/lib/extended_kalman_filter/node_odometry.py
[4.782s] -- Installing: /home/ubuntu/ros2_ws/src/kalman_filter_ws/install/extended_kalman_filter/lib/extended_kalman_filter/closed_loop_ctrl.py
[4.783s] -- Installing: /home/ubuntu/ros2_ws/src/kalman_filter_ws/install/extended_kalman_filter/share/ament_index/resource_index/package_run_dependencies/extended_kalman_filter
[4.785s] -- Installing: /home/ubuntu/ros2_ws/src/kalman_filter_ws/install/extended_kalman_filter/share/ament_index/resource_index/parent_prefix_path/extended_kalman_filter
[4.786s] -- Installing: /home/ubuntu/ros2_ws/src/kalman_filter_ws/install/extended_kalman_filter/share/extended_kalman_filter/environment/ament_prefix_path.sh
[4.787s] -- Installing: /home/ubuntu/ros2_ws/src/kalman_filter_ws/install/extended_kalman_filter/share/extended_kalman_filter/environment/ament_prefix_path.dsv
[4.790s] -- Installing: /home/ubuntu/ros2_ws/src/kalman_filter_ws/install/extended_kalman_filter/share/extended_kalman_filter/environment/path.sh
[4.792s] -- Installing: /home/ubuntu/ros2_ws/src/kalman_filter_ws/install/extended_kalman_filter/share/extended_kalman_filter/environment/path.dsv
[4.793s] -- Installing: /home/ubuntu/ros2_ws/src/kalman_filter_ws/install/extended_kalman_filter/share/extended_kalman_filter/local_setup.bash
[4.795s] -- Installing: /home/ubuntu/ros2_ws/src/kalman_filter_ws/install/extended_kalman_filter/share/extended_kalman_filter/local_setup.sh
[4.799s] -- Installing: /home/ubuntu/ros2_ws/src/kalman_filter_ws/install/extended_kalman_filter/share/extended_kalman_filter/local_setup.zsh
[4.801s] -- Installing: /home/ubuntu/ros2_ws/src/kalman_filter_ws/install/extended_kalman_filter/share/extended_kalman_filter/local_setup.dsv
[4.803s] -- Installing: /home/ubuntu/ros2_ws/src/kalman_filter_ws/install/extended_kalman_filter/share/extended_kalman_filter/package.dsv
[4.804s] -- Installing: /home/ubuntu/ros2_ws/src/kalman_filter_ws/install/extended_kalman_filter/share/ament_index/resource_index/packages/extended_kalman_filter
[4.805s] -- Installing: /home/ubuntu/ros2_ws/src/kalman_filter_ws/install/extended_kalman_filter/share/extended_kalman_filter/cmake/extended_kalman_filterConfig.cmake
[4.807s] -- Installing: /home/ubuntu/ros2_ws/src/kalman_filter_ws/install/extended_kalman_filter/share/extended_kalman_filter/cmake/extended_kalman_filterConfig-version.cmake
[4.809s] -- Installing: /home/ubuntu/ros2_ws/src/kalman_filter_ws/install/extended_kalman_filter/share/extended_kalman_filter/package.xml
[4.811s] Invoked command in '/home/ubuntu/ros2_ws/src/kalman_filter_ws/build/extended_kalman_filter' returned '0': CMAKE_PREFIX_PATH=${CMAKE_PREFIX_PATH}:/opt/ros/jazzy /usr/bin/cmake --install /home/ubuntu/ros2_ws/src/kalman_filter_ws/build/extended_kalman_filter
