[0.022s] Invoking command in '/home/ubuntu/ros2_ws/src/MPU6050/build/MPU6050_reader': CMAKE_PREFIX_PATH=${CMAKE_PREFIX_PATH}:/opt/ros/jazzy /usr/bin/cmake /home/ubuntu/ros2_ws/src/MPU6050/src/MPU6050_reader -DCMAKE_INSTALL_PREFIX=/home/ubuntu/ros2_ws/src/MPU6050/install/MPU6050_reader
[0.505s] -- The C compiler identification is GNU 13.3.0
[0.928s] -- The CXX compiler identification is GNU 13.3.0
[1.033s] -- Detecting C compiler ABI info
[1.336s] -- Detecting C compiler ABI info - done
[1.411s] -- Check for working C compiler: /usr/bin/cc - skipped
[1.417s] -- Detecting C compile features
[1.418s] -- Detecting C compile features - done
[1.450s] -- Detecting CXX compiler ABI info
[1.746s] -- Detecting CXX compiler ABI info - done
[1.819s] -- Check for working CXX compiler: /usr/bin/c++ - skipped
[1.821s] -- Detecting CXX compile features
[1.823s] -- Detecting CXX compile features - done
[1.843s] -- Found ament_cmake: 2.5.6 (/opt/ros/jazzy/share/ament_cmake/cmake)
[2.135s] -- Found Python3: /usr/bin/python3 (found version "3.12.3") found components: Interpreter 
[2.567s] -- Found rclcpp: 28.1.18 (/opt/ros/jazzy/share/rclcpp/cmake)
[2.761s] -- Found rosidl_generator_c: 4.6.7 (/opt/ros/jazzy/share/rosidl_generator_c/cmake)
[2.813s] -- Found rosidl_generator_cpp: 4.6.7 (/opt/ros/jazzy/share/rosidl_generator_cpp/cmake)
[2.895s] -- Using all available rosidl_typesupport_c: rosidl_typesupport_fastrtps_c;rosidl_typesupport_introspection_c
[2.967s] -- Using all available rosidl_typesupport_cpp: rosidl_typesupport_fastrtps_cpp;rosidl_typesupport_introspection_cpp
[3.217s] -- Found rmw_implementation_cmake: 7.3.3 (/opt/ros/jazzy/share/rmw_implementation_cmake/cmake)
[3.227s] -- Found rmw_fastrtps_cpp: 8.4.3 (/opt/ros/jazzy/share/rmw_fastrtps_cpp/cmake)
[3.524s] -- Found OpenSSL: /usr/lib/aarch64-linux-gnu/libcrypto.so (found version "3.0.13")  
[3.606s] -- Found FastRTPS: /opt/ros/jazzy/include (Required is at least version "2.13") 
[3.664s] -- Using RMW implementation 'rmw_fastrtps_cpp' as default
[3.919s] -- Found rclpy: 7.1.11 (/opt/ros/jazzy/share/rclpy/cmake)
[3.926s] -- Found sensor_msgs: 5.3.7 (/opt/ros/jazzy/share/sensor_msgs/cmake)
[4.114s] -- Found ament_lint_auto: 0.17.5 (/opt/ros/jazzy/share/ament_lint_auto/cmake)
[4.227s] WARNING: Package name "MPU6050_reader" does not follow the naming conventions. It should start with a lower case letter and only contain lower case letters, digits, underscores, and dashes.
[4.391s] -- Added test 'flake8' to check Python code syntax and style conventions
[4.391s] -- Configured 'flake8' exclude dirs and/or files: 
[4.395s] -- Added test 'lint_cmake' to check CMake code style
[4.399s] -- Added test 'pep257' to check Python code against some of the docstring style conventions in PEP 257
[4.406s] -- Added test 'xmllint' to check XML markup files
[4.415s] -- Configuring done (4.3s)
[4.440s] -- Generating done (0.0s)
[4.446s] -- Build files have been written to: /home/ubuntu/ros2_ws/src/MPU6050/build/MPU6050_reader
[4.467s] Invoked command in '/home/ubuntu/ros2_ws/src/MPU6050/build/MPU6050_reader' returned '0': CMAKE_PREFIX_PATH=${CMAKE_PREFIX_PATH}:/opt/ros/jazzy /usr/bin/cmake /home/ubuntu/ros2_ws/src/MPU6050/src/MPU6050_reader -DCMAKE_INSTALL_PREFIX=/home/ubuntu/ros2_ws/src/MPU6050/install/MPU6050_reader
[4.468s] Invoking command in '/home/ubuntu/ros2_ws/src/MPU6050/build/MPU6050_reader': CMAKE_PREFIX_PATH=${CMAKE_PREFIX_PATH}:/opt/ros/jazzy /usr/bin/cmake --build /home/ubuntu/ros2_ws/src/MPU6050/build/MPU6050_reader -- -j8 -l8
[4.581s] Invoked command in '/home/ubuntu/ros2_ws/src/MPU6050/build/MPU6050_reader' returned '0': CMAKE_PREFIX_PATH=${CMAKE_PREFIX_PATH}:/opt/ros/jazzy /usr/bin/cmake --build /home/ubuntu/ros2_ws/src/MPU6050/build/MPU6050_reader -- -j8 -l8
[4.606s] Invoking command in '/home/ubuntu/ros2_ws/src/MPU6050/build/MPU6050_reader': CMAKE_PREFIX_PATH=${CMAKE_PREFIX_PATH}:/opt/ros/jazzy /usr/bin/cmake --install /home/ubuntu/ros2_ws/src/MPU6050/build/MPU6050_reader
[4.639s] -- Install configuration: ""
[4.642s] -- Installing: /home/ubuntu/ros2_ws/src/MPU6050/install/MPU6050_reader/share/MPU6050_reader//scripts
[4.644s] -- Installing: /home/ubuntu/ros2_ws/src/MPU6050/install/MPU6050_reader/share/MPU6050_reader//scripts/MPU6050.py
[4.645s] -- Installing: /home/ubuntu/ros2_ws/src/MPU6050/install/MPU6050_reader/share/MPU6050_reader//src
[4.647s] -- Installing: /home/ubuntu/ros2_ws/src/MPU6050/install/MPU6050_reader/lib/MPU6050_reader/MPU6050.py
[4.650s] -- Installing: /home/ubuntu/ros2_ws/src/MPU6050/install/MPU6050_reader/share/ament_index/resource_index/package_run_dependencies/MPU6050_reader
[4.655s] -- Installing: /home/ubuntu/ros2_ws/src/MPU6050/install/MPU6050_reader/share/ament_index/resource_index/parent_prefix_path/MPU6050_reader
[4.657s] -- Installing: /home/ubuntu/ros2_ws/src/MPU6050/install/MPU6050_reader/share/MPU6050_reader/environment/ament_prefix_path.sh
[4.658s] -- Installing: /home/ubuntu/ros2_ws/src/MPU6050/install/MPU6050_reader/share/MPU6050_reader/environment/ament_prefix_path.dsv
[4.660s] -- Installing: /home/ubuntu/ros2_ws/src/MPU6050/install/MPU6050_reader/share/MPU6050_reader/environment/path.sh
[4.662s] -- Installing: /home/ubuntu/ros2_ws/src/MPU6050/install/MPU6050_reader/share/MPU6050_reader/environment/path.dsv
[4.665s] -- Installing: /home/ubuntu/ros2_ws/src/MPU6050/install/MPU6050_reader/share/MPU6050_reader/local_setup.bash
[4.667s] -- Installing: /home/ubuntu/ros2_ws/src/MPU6050/install/MPU6050_reader/share/MPU6050_reader/local_setup.sh
[4.668s] -- Installing: /home/ubuntu/ros2_ws/src/MPU6050/install/MPU6050_reader/share/MPU6050_reader/local_setup.zsh
[4.672s] -- Installing: /home/ubuntu/ros2_ws/src/MPU6050/install/MPU6050_reader/share/MPU6050_reader/local_setup.dsv
[4.674s] -- Installing: /home/ubuntu/ros2_ws/src/MPU6050/install/MPU6050_reader/share/MPU6050_reader/package.dsv
[4.675s] -- Installing: /home/ubuntu/ros2_ws/src/MPU6050/install/MPU6050_reader/share/ament_index/resource_index/packages/MPU6050_reader
[4.677s] -- Installing: /home/ubuntu/ros2_ws/src/MPU6050/install/MPU6050_reader/share/MPU6050_reader/cmake/MPU6050_readerConfig.cmake
[4.679s] -- Installing: /home/ubuntu/ros2_ws/src/MPU6050/install/MPU6050_reader/share/MPU6050_reader/cmake/MPU6050_readerConfig-version.cmake
[4.680s] -- Installing: /home/ubuntu/ros2_ws/src/MPU6050/install/MPU6050_reader/share/MPU6050_reader/package.xml
[4.682s] Invoked command in '/home/ubuntu/ros2_ws/src/MPU6050/build/MPU6050_reader' returned '0': CMAKE_PREFIX_PATH=${CMAKE_PREFIX_PATH}:/opt/ros/jazzy /usr/bin/cmake --install /home/ubuntu/ros2_ws/src/MPU6050/build/MPU6050_reader
