[0.023s] Invoking command in '/home/ubuntu/ros2_ws/src/kalman_filter_ws/build/extended_kalman_filter': CMAKE_PREFIX_PATH=${CMAKE_PREFIX_PATH}:/opt/ros/jazzy /usr/bin/cmake --build /home/ubuntu/ros2_ws/src/kalman_filter_ws/build/extended_kalman_filter -- -j8 -l8
[0.091s] Invoked command in '/home/ubuntu/ros2_ws/src/kalman_filter_ws/build/extended_kalman_filter' returned '0': CMAKE_PREFIX_PATH=${CMAKE_PREFIX_PATH}:/opt/ros/jazzy /usr/bin/cmake --build /home/ubuntu/ros2_ws/src/kalman_filter_ws/build/extended_kalman_filter -- -j8 -l8
[0.129s] Invoking command in '/home/ubuntu/ros2_ws/src/kalman_filter_ws/build/extended_kalman_filter': CMAKE_PREFIX_PATH=${CMAKE_PREFIX_PATH}:/opt/ros/jazzy /usr/bin/cmake --install /home/ubuntu/ros2_ws/src/kalman_filter_ws/build/extended_kalman_filter
[0.142s] -- Install configuration: ""
[0.144s] -- Up-to-date: /home/ubuntu/ros2_ws/src/kalman_filter_ws/install/extended_kalman_filter/share/extended_kalman_filter//launch
[0.145s] -- Up-to-date: /home/ubuntu/ros2_ws/src/kalman_filter_ws/install/extended_kalman_filter/share/extended_kalman_filter//launch/launcher.launch.py
[0.146s] -- Up-to-date: /home/ubuntu/ros2_ws/src/kalman_filter_ws/install/extended_kalman_filter/share/extended_kalman_filter//src
[0.147s] -- Up-to-date: /home/ubuntu/ros2_ws/src/kalman_filter_ws/install/extended_kalman_filter/share/extended_kalman_filter//scripts
[0.148s] -- Up-to-date: /home/ubuntu/ros2_ws/src/kalman_filter_ws/install/extended_kalman_filter/share/extended_kalman_filter//scripts/rotate_node.py
[0.150s] -- Installing: /home/ubuntu/ros2_ws/src/kalman_filter_ws/install/extended_kalman_filter/share/extended_kalman_filter//scripts/node_extra.py
[0.152s] -- Up-to-date: /home/ubuntu/ros2_ws/src/kalman_filter_ws/install/extended_kalman_filter/share/extended_kalman_filter//scripts/ekf.py
[0.155s] -- Up-to-date: /home/ubuntu/ros2_ws/src/kalman_filter_ws/install/extended_kalman_filter/share/extended_kalman_filter//scripts/node_odometry.py
[0.157s] -- Up-to-date: /home/ubuntu/ros2_ws/src/kalman_filter_ws/install/extended_kalman_filter/share/extended_kalman_filter//scripts/closed_loop_ctrl.py
[0.158s] -- Up-to-date: /home/ubuntu/ros2_ws/src/kalman_filter_ws/install/extended_kalman_filter/share/extended_kalman_filter//scripts/error.py
[0.160s] -- Installing: /home/ubuntu/ros2_ws/src/kalman_filter_ws/install/extended_kalman_filter/lib/extended_kalman_filter/node_extra.py
[0.164s] -- Up-to-date: /home/ubuntu/ros2_ws/src/kalman_filter_ws/install/extended_kalman_filter/lib/extended_kalman_filter/error.py
[0.168s] -- Up-to-date: /home/ubuntu/ros2_ws/src/kalman_filter_ws/install/extended_kalman_filter/lib/extended_kalman_filter/ekf.py
[0.170s] -- Up-to-date: /home/ubuntu/ros2_ws/src/kalman_filter_ws/install/extended_kalman_filter/lib/extended_kalman_filter/rotate_node.py
[0.172s] -- Up-to-date: /home/ubuntu/ros2_ws/src/kalman_filter_ws/install/extended_kalman_filter/lib/extended_kalman_filter/node_odometry.py
[0.173s] -- Up-to-date: /home/ubuntu/ros2_ws/src/kalman_filter_ws/install/extended_kalman_filter/lib/extended_kalman_filter/closed_loop_ctrl.py
[0.176s] -- Up-to-date: /home/ubuntu/ros2_ws/src/kalman_filter_ws/install/extended_kalman_filter/share/ament_index/resource_index/package_run_dependencies/extended_kalman_filter
[0.178s] -- Up-to-date: /home/ubuntu/ros2_ws/src/kalman_filter_ws/install/extended_kalman_filter/share/ament_index/resource_index/parent_prefix_path/extended_kalman_filter
[0.179s] -- Up-to-date: /home/ubuntu/ros2_ws/src/kalman_filter_ws/install/extended_kalman_filter/share/extended_kalman_filter/environment/ament_prefix_path.sh
[0.181s] -- Up-to-date: /home/ubuntu/ros2_ws/src/kalman_filter_ws/install/extended_kalman_filter/share/extended_kalman_filter/environment/ament_prefix_path.dsv
[0.185s] -- Up-to-date: /home/ubuntu/ros2_ws/src/kalman_filter_ws/install/extended_kalman_filter/share/extended_kalman_filter/environment/path.sh
[0.186s] -- Up-to-date: /home/ubuntu/ros2_ws/src/kalman_filter_ws/install/extended_kalman_filter/share/extended_kalman_filter/environment/path.dsv
[0.188s] -- Up-to-date: /home/ubuntu/ros2_ws/src/kalman_filter_ws/install/extended_kalman_filter/share/extended_kalman_filter/local_setup.bash
[0.192s] -- Up-to-date: /home/ubuntu/ros2_ws/src/kalman_filter_ws/install/extended_kalman_filter/share/extended_kalman_filter/local_setup.sh
[0.194s] -- Up-to-date: /home/ubuntu/ros2_ws/src/kalman_filter_ws/install/extended_kalman_filter/share/extended_kalman_filter/local_setup.zsh
[0.198s] -- Up-to-date: /home/ubuntu/ros2_ws/src/kalman_filter_ws/install/extended_kalman_filter/share/extended_kalman_filter/local_setup.dsv
[0.202s] -- Installing: /home/ubuntu/ros2_ws/src/kalman_filter_ws/install/extended_kalman_filter/share/extended_kalman_filter/package.dsv
[0.204s] -- Up-to-date: /home/ubuntu/ros2_ws/src/kalman_filter_ws/install/extended_kalman_filter/share/ament_index/resource_index/packages/extended_kalman_filter
[0.206s] -- Up-to-date: /home/ubuntu/ros2_ws/src/kalman_filter_ws/install/extended_kalman_filter/share/extended_kalman_filter/cmake/extended_kalman_filterConfig.cmake
[0.208s] -- Up-to-date: /home/ubuntu/ros2_ws/src/kalman_filter_ws/install/extended_kalman_filter/share/extended_kalman_filter/cmake/extended_kalman_filterConfig-version.cmake
[0.214s] -- Up-to-date: /home/ubuntu/ros2_ws/src/kalman_filter_ws/install/extended_kalman_filter/share/extended_kalman_filter/package.xml
[0.219s] Invoked command in '/home/ubuntu/ros2_ws/src/kalman_filter_ws/build/extended_kalman_filter' returned '0': CMAKE_PREFIX_PATH=${CMAKE_PREFIX_PATH}:/opt/ros/jazzy /usr/bin/cmake --install /home/ubuntu/ros2_ws/src/kalman_filter_ws/build/extended_kalman_filter
