[0.016s] Invoking command in '/home/ubuntu/ros2_ws/src/build/challenge3_cpp': CMAKE_PREFIX_PATH=${CMAKE_PREFIX_PATH}:/home/ubuntu/ros2_ws/install/motor_tools:/opt/ros/jazzy /usr/bin/cmake /home/ubuntu/ros2_ws/src/challenge3_cpp -DCMAKE_INSTALL_PREFIX=/home/ubuntu/ros2_ws/src/install/challenge3_cpp
[0.362s] -- The C compiler identification is GNU 13.3.0
[0.620s] -- The CXX compiler identification is GNU 13.3.0
[0.666s] -- Detecting C compiler ABI info
[0.918s] -- Detecting C compiler ABI info - done
[0.972s] -- Check for working C compiler: /usr/bin/cc - skipped
[0.976s] -- Detecting C compile features
[0.976s] -- Detecting C compile features - done
[0.996s] -- Detecting CXX compiler ABI info
[1.241s] -- Detecting CXX compiler ABI info - done
[1.253s] -- Check for working CXX compiler: /usr/bin/c++ - skipped
[1.253s] -- Detecting CXX compile features
[1.255s] -- Detecting CXX compile features - done
[1.263s] -- Found ament_cmake: 2.5.6 (/opt/ros/jazzy/share/ament_cmake/cmake)
[1.520s] -- Found Python3: /usr/bin/python3 (found version "3.12.3") found components: Interpreter 
[1.878s] -- Found rclcpp: 28.1.18 (/opt/ros/jazzy/share/rclcpp/cmake)
[1.962s] -- Found rosidl_generator_c: 4.6.7 (/opt/ros/jazzy/share/rosidl_generator_c/cmake)
[1.990s] -- Found rosidl_generator_cpp: 4.6.7 (/opt/ros/jazzy/share/rosidl_generator_cpp/cmake)
[2.026s] -- Using all available rosidl_typesupport_c: rosidl_typesupport_fastrtps_c;rosidl_typesupport_introspection_c
[2.064s] -- Using all available rosidl_typesupport_cpp: rosidl_typesupport_fastrtps_cpp;rosidl_typesupport_introspection_cpp
[2.202s] -- Found rmw_implementation_cmake: 7.3.3 (/opt/ros/jazzy/share/rmw_implementation_cmake/cmake)
[2.210s] -- Found rmw_fastrtps_cpp: 8.4.3 (/opt/ros/jazzy/share/rmw_fastrtps_cpp/cmake)
[2.393s] -- Found OpenSSL: /usr/lib/aarch64-linux-gnu/libcrypto.so (found version "3.0.13")  
[2.421s] -- Found FastRTPS: /opt/ros/jazzy/include (Required is at least version "2.13") 
[2.459s] -- Using RMW implementation 'rmw_fastrtps_cpp' as default
[2.591s] -- Found geometry_msgs: 5.3.7 (/opt/ros/jazzy/share/geometry_msgs/cmake)
[2.649s] -- Found nav_msgs: 5.3.7 (/opt/ros/jazzy/share/nav_msgs/cmake)
[2.688s] -- Found ament_lint_auto: 0.17.5 (/opt/ros/jazzy/share/ament_lint_auto/cmake)
[2.895s] -- Added test 'flake8' to check Python code syntax and style conventions
[2.896s] -- Configured 'flake8' exclude dirs and/or files: 
[2.901s] -- Added test 'lint_cmake' to check CMake code style
[2.902s] -- Added test 'pep257' to check Python code against some of the docstring style conventions in PEP 257
[2.907s] -- Added test 'xmllint' to check XML markup files
[2.911s] -- Configuring done (2.9s)
[2.918s] -- Generating done (0.0s)
[2.921s] -- Build files have been written to: /home/ubuntu/ros2_ws/src/build/challenge3_cpp
[2.939s] Invoked command in '/home/ubuntu/ros2_ws/src/build/challenge3_cpp' returned '0': CMAKE_PREFIX_PATH=${CMAKE_PREFIX_PATH}:/home/ubuntu/ros2_ws/install/motor_tools:/opt/ros/jazzy /usr/bin/cmake /home/ubuntu/ros2_ws/src/challenge3_cpp -DCMAKE_INSTALL_PREFIX=/home/ubuntu/ros2_ws/src/install/challenge3_cpp
[2.941s] Invoking command in '/home/ubuntu/ros2_ws/src/build/challenge3_cpp': CMAKE_PREFIX_PATH=${CMAKE_PREFIX_PATH}:/home/ubuntu/ros2_ws/install/motor_tools:/opt/ros/jazzy /usr/bin/cmake --build /home/ubuntu/ros2_ws/src/build/challenge3_cpp -- -j8 -l8
[3.060s] Invoked command in '/home/ubuntu/ros2_ws/src/build/challenge3_cpp' returned '0': CMAKE_PREFIX_PATH=${CMAKE_PREFIX_PATH}:/home/ubuntu/ros2_ws/install/motor_tools:/opt/ros/jazzy /usr/bin/cmake --build /home/ubuntu/ros2_ws/src/build/challenge3_cpp -- -j8 -l8
[3.094s] Invoking command in '/home/ubuntu/ros2_ws/src/build/challenge3_cpp': CMAKE_PREFIX_PATH=${CMAKE_PREFIX_PATH}:/home/ubuntu/ros2_ws/install/motor_tools:/opt/ros/jazzy /usr/bin/cmake --install /home/ubuntu/ros2_ws/src/build/challenge3_cpp
[3.123s] -- Install configuration: ""
[3.123s] -- Installing: /home/ubuntu/ros2_ws/src/install/challenge3_cpp/share/challenge3_cpp//launch
[3.124s] -- Installing: /home/ubuntu/ros2_ws/src/install/challenge3_cpp/share/challenge3_cpp//launch/launcher.launch.py
[3.124s] -- Installing: /home/ubuntu/ros2_ws/src/install/challenge3_cpp/share/challenge3_cpp//launch/test_launcher.launch.py
[3.125s] -- Installing: /home/ubuntu/ros2_ws/src/install/challenge3_cpp/share/challenge3_cpp//config
[3.125s] -- Installing: /home/ubuntu/ros2_ws/src/install/challenge3_cpp/share/challenge3_cpp//config/a_star_params.yaml
[3.126s] -- Installing: /home/ubuntu/ros2_ws/src/install/challenge3_cpp/share/challenge3_cpp//src
[3.126s] -- Installing: /home/ubuntu/ros2_ws/src/install/challenge3_cpp/share/challenge3_cpp//scripts
[3.127s] -- Installing: /home/ubuntu/ros2_ws/src/install/challenge3_cpp/share/challenge3_cpp//scripts/rotate_node.py
[3.127s] -- Installing: /home/ubuntu/ros2_ws/src/install/challenge3_cpp/share/challenge3_cpp//scripts/node_extra.py
[3.128s] -- Installing: /home/ubuntu/ros2_ws/src/install/challenge3_cpp/share/challenge3_cpp//scripts/node_extra_challenge3.py
[3.128s] -- Installing: /home/ubuntu/ros2_ws/src/install/challenge3_cpp/share/challenge3_cpp//scripts/log
[3.129s] -- Installing: /home/ubuntu/ros2_ws/src/install/challenge3_cpp/share/challenge3_cpp//scripts/log/latest
[3.130s] -- Installing: /home/ubuntu/ros2_ws/src/install/challenge3_cpp/share/challenge3_cpp//scripts/log/build_2026-05-09_01-49-09
[3.130s] -- Installing: /home/ubuntu/ros2_ws/src/install/challenge3_cpp/share/challenge3_cpp//scripts/log/build_2026-05-09_01-49-09/events.log
[3.131s] -- Installing: /home/ubuntu/ros2_ws/src/install/challenge3_cpp/share/challenge3_cpp//scripts/log/build_2026-05-09_01-49-09/logger_all.log
[3.132s] -- Installing: /home/ubuntu/ros2_ws/src/install/challenge3_cpp/share/challenge3_cpp//scripts/log/latest_build
[3.132s] -- Installing: /home/ubuntu/ros2_ws/src/install/challenge3_cpp/share/challenge3_cpp//scripts/log/COLCON_IGNORE
[3.132s] -- Installing: /home/ubuntu/ros2_ws/src/install/challenge3_cpp/share/challenge3_cpp//scripts/color_detector_node.py
[3.133s] -- Installing: /home/ubuntu/ros2_ws/src/install/challenge3_cpp/share/challenge3_cpp//scripts/node_odometry.py
[3.133s] -- Installing: /home/ubuntu/ros2_ws/src/install/challenge3_cpp/share/challenge3_cpp//scripts/closed_loop_ctrl.py
[3.134s] -- Installing: /home/ubuntu/ros2_ws/src/install/challenge3_cpp/share/challenge3_cpp//scripts/build
[3.135s] -- Installing: /home/ubuntu/ros2_ws/src/install/challenge3_cpp/share/challenge3_cpp//scripts/build/.built_by
[3.135s] -- Installing: /home/ubuntu/ros2_ws/src/install/challenge3_cpp/share/challenge3_cpp//scripts/build/COLCON_IGNORE
[3.135s] -- Installing: /home/ubuntu/ros2_ws/src/install/challenge3_cpp/share/challenge3_cpp//scripts/error.py
[3.136s] -- Installing: /home/ubuntu/ros2_ws/src/install/challenge3_cpp/share/challenge3_cpp//scripts/error_challenge3.py
[3.136s] -- Installing: /home/ubuntu/ros2_ws/src/install/challenge3_cpp/share/challenge3_cpp//scripts/install
[3.137s] -- Installing: /home/ubuntu/ros2_ws/src/install/challenge3_cpp/share/challenge3_cpp//scripts/install/setup.zsh
[3.137s] -- Installing: /home/ubuntu/ros2_ws/src/install/challenge3_cpp/share/challenge3_cpp//scripts/install/setup.bash
[3.138s] -- Installing: /home/ubuntu/ros2_ws/src/install/challenge3_cpp/share/challenge3_cpp//scripts/install/setup.ps1
[3.138s] -- Installing: /home/ubuntu/ros2_ws/src/install/challenge3_cpp/share/challenge3_cpp//scripts/install/_local_setup_util_sh.py
[3.139s] -- Installing: /home/ubuntu/ros2_ws/src/install/challenge3_cpp/share/challenge3_cpp//scripts/install/local_setup.bash
[3.140s] -- Installing: /home/ubuntu/ros2_ws/src/install/challenge3_cpp/share/challenge3_cpp//scripts/install/local_setup.ps1
[3.141s] -- Installing: /home/ubuntu/ros2_ws/src/install/challenge3_cpp/share/challenge3_cpp//scripts/install/COLCON_IGNORE
[3.141s] -- Installing: /home/ubuntu/ros2_ws/src/install/challenge3_cpp/share/challenge3_cpp//scripts/install/setup.sh
[3.141s] -- Installing: /home/ubuntu/ros2_ws/src/install/challenge3_cpp/share/challenge3_cpp//scripts/install/local_setup.sh
[3.141s] -- Installing: /home/ubuntu/ros2_ws/src/install/challenge3_cpp/share/challenge3_cpp//scripts/install/.colcon_install_layout
[3.141s] -- Installing: /home/ubuntu/ros2_ws/src/install/challenge3_cpp/share/challenge3_cpp//scripts/install/local_setup.zsh
[3.141s] -- Installing: /home/ubuntu/ros2_ws/src/install/challenge3_cpp/share/challenge3_cpp//scripts/install/_local_setup_util_ps1.py
[3.141s] -- Installing: /home/ubuntu/ros2_ws/src/install/challenge3_cpp/lib/challenge3_cpp/node_odometry.py
[3.142s] -- Installing: /home/ubuntu/ros2_ws/src/install/challenge3_cpp/lib/challenge3_cpp/node_extra.py
[3.142s] -- Installing: /home/ubuntu/ros2_ws/src/install/challenge3_cpp/lib/challenge3_cpp/node_extra_challenge3.py
[3.142s] -- Installing: /home/ubuntu/ros2_ws/src/install/challenge3_cpp/lib/challenge3_cpp/error.py
[3.142s] -- Installing: /home/ubuntu/ros2_ws/src/install/challenge3_cpp/lib/challenge3_cpp/error_challenge3.py
[3.142s] -- Installing: /home/ubuntu/ros2_ws/src/install/challenge3_cpp/lib/challenge3_cpp/closed_loop_ctrl.py
[3.142s] -- Installing: /home/ubuntu/ros2_ws/src/install/challenge3_cpp/lib/challenge3_cpp/rotate_node.py
[3.142s] -- Installing: /home/ubuntu/ros2_ws/src/install/challenge3_cpp/lib/challenge3_cpp/color_detector_node.py
[3.142s] -- Installing: /home/ubuntu/ros2_ws/src/install/challenge3_cpp/share/ament_index/resource_index/package_run_dependencies/challenge3_cpp
[3.142s] -- Installing: /home/ubuntu/ros2_ws/src/install/challenge3_cpp/share/ament_index/resource_index/parent_prefix_path/challenge3_cpp
[3.143s] -- Installing: /home/ubuntu/ros2_ws/src/install/challenge3_cpp/share/challenge3_cpp/environment/ament_prefix_path.sh
[3.143s] -- Installing: /home/ubuntu/ros2_ws/src/install/challenge3_cpp/share/challenge3_cpp/environment/ament_prefix_path.dsv
[3.143s] -- Installing: /home/ubuntu/ros2_ws/src/install/challenge3_cpp/share/challenge3_cpp/environment/path.sh
[3.143s] -- Installing: /home/ubuntu/ros2_ws/src/install/challenge3_cpp/share/challenge3_cpp/environment/path.dsv
[3.143s] -- Installing: /home/ubuntu/ros2_ws/src/install/challenge3_cpp/share/challenge3_cpp/local_setup.bash
[3.143s] -- Installing: /home/ubuntu/ros2_ws/src/install/challenge3_cpp/share/challenge3_cpp/local_setup.sh
[3.143s] -- Installing: /home/ubuntu/ros2_ws/src/install/challenge3_cpp/share/challenge3_cpp/local_setup.zsh
[3.143s] -- Installing: /home/ubuntu/ros2_ws/src/install/challenge3_cpp/share/challenge3_cpp/local_setup.dsv
[3.143s] -- Installing: /home/ubuntu/ros2_ws/src/install/challenge3_cpp/share/challenge3_cpp/package.dsv
[3.144s] -- Installing: /home/ubuntu/ros2_ws/src/install/challenge3_cpp/share/ament_index/resource_index/packages/challenge3_cpp
[3.144s] -- Installing: /home/ubuntu/ros2_ws/src/install/challenge3_cpp/share/challenge3_cpp/cmake/challenge3_cppConfig.cmake
[3.144s] -- Installing: /home/ubuntu/ros2_ws/src/install/challenge3_cpp/share/challenge3_cpp/cmake/challenge3_cppConfig-version.cmake
[3.145s] -- Installing: /home/ubuntu/ros2_ws/src/install/challenge3_cpp/share/challenge3_cpp/package.xml
[3.145s] Invoked command in '/home/ubuntu/ros2_ws/src/build/challenge3_cpp' returned '0': CMAKE_PREFIX_PATH=${CMAKE_PREFIX_PATH}:/home/ubuntu/ros2_ws/install/motor_tools:/opt/ros/jazzy /usr/bin/cmake --install /home/ubuntu/ros2_ws/src/build/challenge3_cpp
