running egg_info
writing ../../build/puzzlebot_control/puzzlebot_control.egg-info/PKG-INFO
writing dependency_links to ../../build/puzzlebot_control/puzzlebot_control.egg-info/dependency_links.txt
writing entry points to ../../build/puzzlebot_control/puzzlebot_control.egg-info/entry_points.txt
writing requirements to ../../build/puzzlebot_control/puzzlebot_control.egg-info/requires.txt
writing top-level names to ../../build/puzzlebot_control/puzzlebot_control.egg-info/top_level.txt
reading manifest file '../../build/puzzlebot_control/puzzlebot_control.egg-info/SOURCES.txt'
writing manifest file '../../build/puzzlebot_control/puzzlebot_control.egg-info/SOURCES.txt'
running build
running build_py
copying puzzlebot_control/open_loop_ctrl.py -> /home/sof/Challenge2_P2/build/puzzlebot_control/build/lib/puzzlebot_control
running install
running install_lib
copying /home/sof/Challenge2_P2/build/puzzlebot_control/build/lib/puzzlebot_control/open_loop_ctrl.py -> /home/sof/Challenge2_P2/install/puzzlebot_control/lib/python3.10/site-packages/puzzlebot_control
byte-compiling /home/sof/Challenge2_P2/install/puzzlebot_control/lib/python3.10/site-packages/puzzlebot_control/open_loop_ctrl.py to open_loop_ctrl.cpython-310.pyc
running install_data
running install_egg_info
removing '/home/sof/Challenge2_P2/install/puzzlebot_control/lib/python3.10/site-packages/puzzlebot_control-0.0.0-py3.10.egg-info' (and everything under it)
Copying ../../build/puzzlebot_control/puzzlebot_control.egg-info to /home/sof/Challenge2_P2/install/puzzlebot_control/lib/python3.10/site-packages/puzzlebot_control-0.0.0-py3.10.egg-info
running install_scripts
Installing open_loop_ctrl script to /home/sof/Challenge2_P2/install/puzzlebot_control/lib/puzzlebot_control
writing list of installed files to '/home/sof/Challenge2_P2/build/puzzlebot_control/install.log'
