[0.420s] Invoking command in '/home/sof/Challenge2_P2/src/puzzlebot_control': PYTHONPATH=/home/sof/Challenge2_P2/build/puzzlebot_control/prefix_override:/usr/lib/python3/dist-packages/colcon_core/task/python/colcon_distutils_commands:/home/sof/Challenge2_P2/install/puzzlebot_control/lib/python3.10/site-packages:${PYTHONPATH} /usr/bin/python3 -W ignore:setup.py install is deprecated -W ignore:easy_install command is deprecated setup.py egg_info --egg-base ../../build/puzzlebot_control build --build-base /home/sof/Challenge2_P2/build/puzzlebot_control/build install --record /home/sof/Challenge2_P2/build/puzzlebot_control/install.log --single-version-externally-managed install_data
[0.532s] running egg_info
[0.533s] writing ../../build/puzzlebot_control/puzzlebot_control.egg-info/PKG-INFO
[0.536s] writing dependency_links to ../../build/puzzlebot_control/puzzlebot_control.egg-info/dependency_links.txt
[0.536s] writing entry points to ../../build/puzzlebot_control/puzzlebot_control.egg-info/entry_points.txt
[0.536s] writing requirements to ../../build/puzzlebot_control/puzzlebot_control.egg-info/requires.txt
[0.536s] writing top-level names to ../../build/puzzlebot_control/puzzlebot_control.egg-info/top_level.txt
[0.537s] reading manifest file '../../build/puzzlebot_control/puzzlebot_control.egg-info/SOURCES.txt'
[0.538s] writing manifest file '../../build/puzzlebot_control/puzzlebot_control.egg-info/SOURCES.txt'
[0.538s] running build
[0.538s] running build_py
[0.540s] running install
[0.540s] running install_lib
[0.541s] running install_data
[0.541s] running install_egg_info
[0.542s] removing '/home/sof/Challenge2_P2/install/puzzlebot_control/lib/python3.10/site-packages/puzzlebot_control-0.0.0-py3.10.egg-info' (and everything under it)
[0.542s] Copying ../../build/puzzlebot_control/puzzlebot_control.egg-info to /home/sof/Challenge2_P2/install/puzzlebot_control/lib/python3.10/site-packages/puzzlebot_control-0.0.0-py3.10.egg-info
[0.542s] running install_scripts
[0.551s] Installing open_loop_ctrl script to /home/sof/Challenge2_P2/install/puzzlebot_control/lib/puzzlebot_control
[0.551s] writing list of installed files to '/home/sof/Challenge2_P2/build/puzzlebot_control/install.log'
[0.560s] Invoked command in '/home/sof/Challenge2_P2/src/puzzlebot_control' returned '0': PYTHONPATH=/home/sof/Challenge2_P2/build/puzzlebot_control/prefix_override:/usr/lib/python3/dist-packages/colcon_core/task/python/colcon_distutils_commands:/home/sof/Challenge2_P2/install/puzzlebot_control/lib/python3.10/site-packages:${PYTHONPATH} /usr/bin/python3 -W ignore:setup.py install is deprecated -W ignore:easy_install command is deprecated setup.py egg_info --egg-base ../../build/puzzlebot_control build --build-base /home/sof/Challenge2_P2/build/puzzlebot_control/build install --record /home/sof/Challenge2_P2/build/puzzlebot_control/install.log --single-version-externally-managed install_data
