[0.156s] DEBUG:colcon:Command line arguments: ['/usr/bin/colcon', 'build']
[0.156s] DEBUG:colcon:Parsed command line arguments: Namespace(log_base=None, log_level=None, verb_name='build', build_base='build', install_base='install', merge_install=False, symlink_install=False, test_result_base=None, continue_on_error=False, executor='parallel', parallel_workers=8, event_handlers=None, ignore_user_meta=False, metas=['./colcon.meta'], base_paths=['.'], packages_ignore=None, packages_ignore_regex=None, paths=None, packages_up_to=None, packages_up_to_regex=None, packages_above=None, packages_above_and_dependencies=None, packages_above_depth=None, packages_select_by_dep=None, packages_skip_by_dep=None, packages_skip_up_to=None, packages_select_build_failed=False, packages_skip_build_finished=False, packages_select_test_failures=False, packages_skip_test_passed=False, packages_select=None, packages_skip=None, packages_select_regex=None, packages_skip_regex=None, packages_start=None, packages_end=None, allow_overriding=[], cmake_args=None, cmake_target=None, cmake_target_skip_unavailable=False, cmake_clean_cache=False, cmake_clean_first=False, cmake_force_configure=False, ament_cmake_args=None, catkin_cmake_args=None, catkin_skip_building_tests=False, mixin_files=None, mixin=None, verb_parser=<colcon_mixin.mixin.mixin_argument.MixinArgumentDecorator object at 0xffff8a4f00b0>, verb_extension=<colcon_core.verb.build.BuildVerb object at 0xffff8a6a8260>, main=<bound method BuildVerb.main of <colcon_core.verb.build.BuildVerb object at 0xffff8a6a8260>>, mixin_verb=('build',))
[0.214s] Level 1:colcon.colcon_core.package_discovery:discover_packages(colcon_meta) check parameters
[0.214s] Level 1:colcon.colcon_core.package_discovery:discover_packages(recursive) check parameters
[0.214s] Level 1:colcon.colcon_core.package_discovery:discover_packages(ignore) check parameters
[0.214s] Level 1:colcon.colcon_core.package_discovery:discover_packages(path) check parameters
[0.214s] Level 1:colcon.colcon_core.package_discovery:discover_packages(colcon_meta) discover
[0.214s] Level 1:colcon.colcon_core.package_discovery:discover_packages(recursive) discover
[0.214s] INFO:colcon.colcon_core.package_discovery:Crawling recursively for packages in '/home/ubuntu/ros2_ws/src/MPU6050'
[0.214s] Level 1:colcon.colcon_core.package_identification:_identify(.) by extensions ['ignore', 'ignore_ament_install']
[0.214s] Level 1:colcon.colcon_core.package_identification:_identify(.) by extension 'ignore'
[0.214s] Level 1:colcon.colcon_core.package_identification:_identify(.) by extension 'ignore_ament_install'
[0.215s] Level 1:colcon.colcon_core.package_identification:_identify(.) by extensions ['colcon_pkg']
[0.215s] Level 1:colcon.colcon_core.package_identification:_identify(.) by extension 'colcon_pkg'
[0.215s] Level 1:colcon.colcon_core.package_identification:_identify(.) by extensions ['colcon_meta']
[0.215s] Level 1:colcon.colcon_core.package_identification:_identify(.) by extension 'colcon_meta'
[0.215s] Level 1:colcon.colcon_core.package_identification:_identify(.) by extensions ['ros']
[0.215s] Level 1:colcon.colcon_core.package_identification:_identify(.) by extension 'ros'
[0.251s] Level 1:colcon.colcon_core.package_identification:_identify(.) by extensions ['cmake', 'python']
[0.251s] Level 1:colcon.colcon_core.package_identification:_identify(.) by extension 'cmake'
[0.252s] Level 1:colcon.colcon_core.package_identification:_identify(.) by extension 'python'
[0.252s] Level 1:colcon.colcon_core.package_identification:_identify(.) by extensions ['python_setup_py']
[0.252s] Level 1:colcon.colcon_core.package_identification:_identify(.) by extension 'python_setup_py'
[0.252s] Level 1:colcon.colcon_core.package_identification:_identify(build) by extensions ['ignore', 'ignore_ament_install']
[0.252s] Level 1:colcon.colcon_core.package_identification:_identify(build) by extension 'ignore'
[0.252s] Level 1:colcon.colcon_core.package_identification:_identify(build) ignored
[0.252s] Level 1:colcon.colcon_core.package_identification:_identify(install) by extensions ['ignore', 'ignore_ament_install']
[0.252s] Level 1:colcon.colcon_core.package_identification:_identify(install) by extension 'ignore'
[0.252s] Level 1:colcon.colcon_core.package_identification:_identify(install) ignored
[0.253s] Level 1:colcon.colcon_core.package_identification:_identify(log) by extensions ['ignore', 'ignore_ament_install']
[0.253s] Level 1:colcon.colcon_core.package_identification:_identify(log) by extension 'ignore'
[0.253s] Level 1:colcon.colcon_core.package_identification:_identify(log) ignored
[0.253s] Level 1:colcon.colcon_core.package_identification:_identify(src) by extensions ['ignore', 'ignore_ament_install']
[0.253s] Level 1:colcon.colcon_core.package_identification:_identify(src) by extension 'ignore'
[0.253s] Level 1:colcon.colcon_core.package_identification:_identify(src) by extension 'ignore_ament_install'
[0.253s] Level 1:colcon.colcon_core.package_identification:_identify(src) by extensions ['colcon_pkg']
[0.253s] Level 1:colcon.colcon_core.package_identification:_identify(src) by extension 'colcon_pkg'
[0.253s] Level 1:colcon.colcon_core.package_identification:_identify(src) by extensions ['colcon_meta']
[0.253s] Level 1:colcon.colcon_core.package_identification:_identify(src) by extension 'colcon_meta'
[0.253s] Level 1:colcon.colcon_core.package_identification:_identify(src) by extensions ['ros']
[0.253s] Level 1:colcon.colcon_core.package_identification:_identify(src) by extension 'ros'
[0.254s] Level 1:colcon.colcon_core.package_identification:_identify(src) by extensions ['cmake', 'python']
[0.254s] Level 1:colcon.colcon_core.package_identification:_identify(src) by extension 'cmake'
[0.254s] Level 1:colcon.colcon_core.package_identification:_identify(src) by extension 'python'
[0.254s] Level 1:colcon.colcon_core.package_identification:_identify(src) by extensions ['python_setup_py']
[0.254s] Level 1:colcon.colcon_core.package_identification:_identify(src) by extension 'python_setup_py'
[0.254s] Level 1:colcon.colcon_core.package_identification:_identify(src/MPU6050_reader) by extensions ['ignore', 'ignore_ament_install']
[0.254s] Level 1:colcon.colcon_core.package_identification:_identify(src/MPU6050_reader) by extension 'ignore'
[0.254s] Level 1:colcon.colcon_core.package_identification:_identify(src/MPU6050_reader) by extension 'ignore_ament_install'
[0.254s] Level 1:colcon.colcon_core.package_identification:_identify(src/MPU6050_reader) by extensions ['colcon_pkg']
[0.254s] Level 1:colcon.colcon_core.package_identification:_identify(src/MPU6050_reader) by extension 'colcon_pkg'
[0.254s] Level 1:colcon.colcon_core.package_identification:_identify(src/MPU6050_reader) by extensions ['colcon_meta']
[0.254s] Level 1:colcon.colcon_core.package_identification:_identify(src/MPU6050_reader) by extension 'colcon_meta'
[0.254s] Level 1:colcon.colcon_core.package_identification:_identify(src/MPU6050_reader) by extensions ['ros']
[0.254s] Level 1:colcon.colcon_core.package_identification:_identify(src/MPU6050_reader) by extension 'ros'
[0.258s] DEBUG:colcon.colcon_core.package_identification:Package 'src/MPU6050_reader' with type 'ros.ament_cmake' and name 'MPU6050_reader'
[0.258s] Level 1:colcon.colcon_core.package_discovery:discover_packages(recursive) using defaults
[0.258s] Level 1:colcon.colcon_core.package_discovery:discover_packages(ignore) discover
[0.258s] Level 1:colcon.colcon_core.package_discovery:discover_packages(ignore) using defaults
[0.258s] Level 1:colcon.colcon_core.package_discovery:discover_packages(path) discover
[0.258s] Level 1:colcon.colcon_core.package_discovery:discover_packages(path) using defaults
[0.282s] Level 1:colcon.colcon_core.package_discovery:discover_packages(prefix_path) check parameters
[0.282s] Level 1:colcon.colcon_core.package_discovery:discover_packages(prefix_path) discover
[0.284s] DEBUG:colcon.colcon_installed_package_information.package_discovery:Found 1 installed packages in /home/ubuntu/ros2_ws/src/MPU6050/install
[0.285s] DEBUG:colcon.colcon_installed_package_information.package_discovery:Found 1 installed packages in /home/ubuntu/microros_ws/install
[0.287s] DEBUG:colcon.colcon_installed_package_information.package_discovery:Found 290 installed packages in /opt/ros/jazzy
[0.289s] Level 1:colcon.colcon_core.package_discovery:discover_packages(prefix_path) using defaults
[0.349s] Level 5:colcon.colcon_core.verb:set package 'MPU6050_reader' build argument 'cmake_args' from command line to 'None'
[0.349s] Level 5:colcon.colcon_core.verb:set package 'MPU6050_reader' build argument 'cmake_target' from command line to 'None'
[0.349s] Level 5:colcon.colcon_core.verb:set package 'MPU6050_reader' build argument 'cmake_target_skip_unavailable' from command line to 'False'
[0.349s] Level 5:colcon.colcon_core.verb:set package 'MPU6050_reader' build argument 'cmake_clean_cache' from command line to 'False'
[0.349s] Level 5:colcon.colcon_core.verb:set package 'MPU6050_reader' build argument 'cmake_clean_first' from command line to 'False'
[0.349s] Level 5:colcon.colcon_core.verb:set package 'MPU6050_reader' build argument 'cmake_force_configure' from command line to 'False'
[0.349s] Level 5:colcon.colcon_core.verb:set package 'MPU6050_reader' build argument 'ament_cmake_args' from command line to 'None'
[0.349s] Level 5:colcon.colcon_core.verb:set package 'MPU6050_reader' build argument 'catkin_cmake_args' from command line to 'None'
[0.349s] Level 5:colcon.colcon_core.verb:set package 'MPU6050_reader' build argument 'catkin_skip_building_tests' from command line to 'False'
[0.349s] DEBUG:colcon.colcon_core.verb:Building package 'MPU6050_reader' with the following arguments: {'ament_cmake_args': None, 'build_base': '/home/ubuntu/ros2_ws/src/MPU6050/build/MPU6050_reader', 'catkin_cmake_args': None, 'catkin_skip_building_tests': False, 'cmake_args': None, 'cmake_clean_cache': False, 'cmake_clean_first': False, 'cmake_force_configure': False, 'cmake_target': None, 'cmake_target_skip_unavailable': False, 'install_base': '/home/ubuntu/ros2_ws/src/MPU6050/install/MPU6050_reader', 'merge_install': False, 'path': '/home/ubuntu/ros2_ws/src/MPU6050/src/MPU6050_reader', 'symlink_install': False, 'test_result_base': None}
[0.349s] INFO:colcon.colcon_core.executor:Executing jobs using 'parallel' executor
[0.351s] DEBUG:colcon.colcon_parallel_executor.executor.parallel:run_until_complete
[0.351s] INFO:colcon.colcon_ros.task.ament_cmake.build:Building ROS package in '/home/ubuntu/ros2_ws/src/MPU6050/src/MPU6050_reader' with build type 'ament_cmake'
[0.351s] INFO:colcon.colcon_cmake.task.cmake.build:Building CMake package in '/home/ubuntu/ros2_ws/src/MPU6050/src/MPU6050_reader'
[0.354s] INFO:colcon.colcon_core.plugin_system:Skipping extension 'colcon_core.shell.bat': Not used on non-Windows systems
[0.354s] INFO:colcon.colcon_core.shell:Skip shell extension 'powershell' for command environment: Not usable outside of PowerShell
[0.354s] DEBUG:colcon.colcon_core.shell:Skip shell extension 'dsv' for command environment
[0.373s] DEBUG:colcon.colcon_core.event_handler.log_command:Invoking command in '/home/ubuntu/ros2_ws/src/MPU6050/build/MPU6050_reader': CMAKE_PREFIX_PATH=${CMAKE_PREFIX_PATH}:/opt/ros/jazzy /usr/bin/cmake --build /home/ubuntu/ros2_ws/src/MPU6050/build/MPU6050_reader -- -j8 -l8
[1.668s] DEBUG:colcon.colcon_core.event_handler.log_command:Invoked command in '/home/ubuntu/ros2_ws/src/MPU6050/build/MPU6050_reader' returned '0': CMAKE_PREFIX_PATH=${CMAKE_PREFIX_PATH}:/opt/ros/jazzy /usr/bin/cmake --build /home/ubuntu/ros2_ws/src/MPU6050/build/MPU6050_reader -- -j8 -l8
[1.693s] DEBUG:colcon.colcon_core.event_handler.log_command:Invoking command in '/home/ubuntu/ros2_ws/src/MPU6050/build/MPU6050_reader': CMAKE_PREFIX_PATH=${CMAKE_PREFIX_PATH}:/opt/ros/jazzy /usr/bin/cmake --install /home/ubuntu/ros2_ws/src/MPU6050/build/MPU6050_reader
[1.718s] Level 1:colcon.colcon_core.environment:create_environment_scripts_only(MPU6050_reader)
[1.761s] DEBUG:colcon.colcon_core.event_handler.log_command:Invoked command in '/home/ubuntu/ros2_ws/src/MPU6050/build/MPU6050_reader' returned '0': CMAKE_PREFIX_PATH=${CMAKE_PREFIX_PATH}:/opt/ros/jazzy /usr/bin/cmake --install /home/ubuntu/ros2_ws/src/MPU6050/build/MPU6050_reader
[1.770s] Level 1:colcon.colcon_core.environment:checking '/home/ubuntu/ros2_ws/src/MPU6050/install/MPU6050_reader' for CMake module files
[1.779s] Level 1:colcon.colcon_core.environment:checking '/home/ubuntu/ros2_ws/src/MPU6050/install/MPU6050_reader' for CMake config files
[1.782s] Level 1:colcon.colcon_core.shell:create_environment_hook('MPU6050_reader', 'cmake_prefix_path')
[1.784s] INFO:colcon.colcon_core.shell:Creating environment hook '/home/ubuntu/ros2_ws/src/MPU6050/install/MPU6050_reader/share/MPU6050_reader/hook/cmake_prefix_path.ps1'
[1.790s] INFO:colcon.colcon_core.shell:Creating environment descriptor '/home/ubuntu/ros2_ws/src/MPU6050/install/MPU6050_reader/share/MPU6050_reader/hook/cmake_prefix_path.dsv'
[1.794s] INFO:colcon.colcon_core.shell:Creating environment hook '/home/ubuntu/ros2_ws/src/MPU6050/install/MPU6050_reader/share/MPU6050_reader/hook/cmake_prefix_path.sh'
[1.800s] Level 1:colcon.colcon_core.environment:checking '/home/ubuntu/ros2_ws/src/MPU6050/install/MPU6050_reader/lib'
[1.801s] Level 1:colcon.colcon_core.environment:checking '/home/ubuntu/ros2_ws/src/MPU6050/install/MPU6050_reader/bin'
[1.802s] Level 1:colcon.colcon_core.environment:checking '/home/ubuntu/ros2_ws/src/MPU6050/install/MPU6050_reader/lib/pkgconfig/MPU6050_reader.pc'
[1.804s] Level 1:colcon.colcon_core.environment:checking '/home/ubuntu/ros2_ws/src/MPU6050/install/MPU6050_reader/lib/python3.12/site-packages'
[1.807s] Level 1:colcon.colcon_core.environment:checking '/home/ubuntu/ros2_ws/src/MPU6050/install/MPU6050_reader/bin'
[1.809s] INFO:colcon.colcon_core.shell:Creating package script '/home/ubuntu/ros2_ws/src/MPU6050/install/MPU6050_reader/share/MPU6050_reader/package.ps1'
[1.815s] INFO:colcon.colcon_core.shell:Creating package descriptor '/home/ubuntu/ros2_ws/src/MPU6050/install/MPU6050_reader/share/MPU6050_reader/package.dsv'
[1.818s] INFO:colcon.colcon_core.shell:Creating package script '/home/ubuntu/ros2_ws/src/MPU6050/install/MPU6050_reader/share/MPU6050_reader/package.sh'
[1.821s] INFO:colcon.colcon_core.shell:Creating package script '/home/ubuntu/ros2_ws/src/MPU6050/install/MPU6050_reader/share/MPU6050_reader/package.bash'
[1.824s] INFO:colcon.colcon_core.shell:Creating package script '/home/ubuntu/ros2_ws/src/MPU6050/install/MPU6050_reader/share/MPU6050_reader/package.zsh'
[1.826s] Level 1:colcon.colcon_core.environment:create_file_with_runtime_dependencies(/home/ubuntu/ros2_ws/src/MPU6050/install/MPU6050_reader/share/colcon-core/packages/MPU6050_reader)
[1.829s] Level 1:colcon.colcon_core.environment:create_environment_scripts_only(MPU6050_reader)
[1.830s] Level 1:colcon.colcon_core.environment:checking '/home/ubuntu/ros2_ws/src/MPU6050/install/MPU6050_reader' for CMake module files
[1.833s] Level 1:colcon.colcon_core.environment:checking '/home/ubuntu/ros2_ws/src/MPU6050/install/MPU6050_reader' for CMake config files
[1.834s] Level 1:colcon.colcon_core.shell:create_environment_hook('MPU6050_reader', 'cmake_prefix_path')
[1.834s] INFO:colcon.colcon_core.shell:Creating environment hook '/home/ubuntu/ros2_ws/src/MPU6050/install/MPU6050_reader/share/MPU6050_reader/hook/cmake_prefix_path.ps1'
[1.836s] INFO:colcon.colcon_core.shell:Creating environment descriptor '/home/ubuntu/ros2_ws/src/MPU6050/install/MPU6050_reader/share/MPU6050_reader/hook/cmake_prefix_path.dsv'
[1.837s] INFO:colcon.colcon_core.shell:Creating environment hook '/home/ubuntu/ros2_ws/src/MPU6050/install/MPU6050_reader/share/MPU6050_reader/hook/cmake_prefix_path.sh'
[1.839s] Level 1:colcon.colcon_core.environment:checking '/home/ubuntu/ros2_ws/src/MPU6050/install/MPU6050_reader/lib'
[1.840s] Level 1:colcon.colcon_core.environment:checking '/home/ubuntu/ros2_ws/src/MPU6050/install/MPU6050_reader/bin'
[1.840s] Level 1:colcon.colcon_core.environment:checking '/home/ubuntu/ros2_ws/src/MPU6050/install/MPU6050_reader/lib/pkgconfig/MPU6050_reader.pc'
[1.841s] Level 1:colcon.colcon_core.environment:checking '/home/ubuntu/ros2_ws/src/MPU6050/install/MPU6050_reader/lib/python3.12/site-packages'
[1.843s] Level 1:colcon.colcon_core.environment:checking '/home/ubuntu/ros2_ws/src/MPU6050/install/MPU6050_reader/bin'
[1.844s] INFO:colcon.colcon_core.shell:Creating package script '/home/ubuntu/ros2_ws/src/MPU6050/install/MPU6050_reader/share/MPU6050_reader/package.ps1'
[1.846s] INFO:colcon.colcon_core.shell:Creating package descriptor '/home/ubuntu/ros2_ws/src/MPU6050/install/MPU6050_reader/share/MPU6050_reader/package.dsv'
[1.847s] INFO:colcon.colcon_core.shell:Creating package script '/home/ubuntu/ros2_ws/src/MPU6050/install/MPU6050_reader/share/MPU6050_reader/package.sh'
[1.849s] INFO:colcon.colcon_core.shell:Creating package script '/home/ubuntu/ros2_ws/src/MPU6050/install/MPU6050_reader/share/MPU6050_reader/package.bash'
[1.850s] INFO:colcon.colcon_core.shell:Creating package script '/home/ubuntu/ros2_ws/src/MPU6050/install/MPU6050_reader/share/MPU6050_reader/package.zsh'
[1.851s] Level 1:colcon.colcon_core.environment:create_file_with_runtime_dependencies(/home/ubuntu/ros2_ws/src/MPU6050/install/MPU6050_reader/share/colcon-core/packages/MPU6050_reader)
[1.852s] DEBUG:colcon.colcon_parallel_executor.executor.parallel:closing loop
[1.853s] DEBUG:colcon.colcon_parallel_executor.executor.parallel:loop closed
[1.853s] DEBUG:colcon.colcon_parallel_executor.executor.parallel:run_until_complete finished with '0'
[1.854s] DEBUG:colcon.colcon_core.event_reactor:joining thread
[1.863s] DEBUG:colcon.colcon_core.event_reactor:joined thread
[1.864s] INFO:colcon.colcon_core.shell:Creating prefix script '/home/ubuntu/ros2_ws/src/MPU6050/install/local_setup.ps1'
[1.866s] INFO:colcon.colcon_core.shell:Creating prefix util module '/home/ubuntu/ros2_ws/src/MPU6050/install/_local_setup_util_ps1.py'
[1.869s] INFO:colcon.colcon_core.shell:Creating prefix chain script '/home/ubuntu/ros2_ws/src/MPU6050/install/setup.ps1'
[1.872s] INFO:colcon.colcon_core.shell:Creating prefix script '/home/ubuntu/ros2_ws/src/MPU6050/install/local_setup.sh'
[1.873s] INFO:colcon.colcon_core.shell:Creating prefix util module '/home/ubuntu/ros2_ws/src/MPU6050/install/_local_setup_util_sh.py'
[1.875s] INFO:colcon.colcon_core.shell:Creating prefix chain script '/home/ubuntu/ros2_ws/src/MPU6050/install/setup.sh'
[1.877s] INFO:colcon.colcon_core.shell:Creating prefix script '/home/ubuntu/ros2_ws/src/MPU6050/install/local_setup.bash'
[1.878s] INFO:colcon.colcon_core.shell:Creating prefix chain script '/home/ubuntu/ros2_ws/src/MPU6050/install/setup.bash'
[1.881s] INFO:colcon.colcon_core.shell:Creating prefix script '/home/ubuntu/ros2_ws/src/MPU6050/install/local_setup.zsh'
[1.882s] INFO:colcon.colcon_core.shell:Creating prefix chain script '/home/ubuntu/ros2_ws/src/MPU6050/install/setup.zsh'
