[0.423s] Invoking command in '/home/sof/Challenge2_P2/src/puzzlebot_control': PYTHONPATH=/home/sof/Challenge2_P2/build/puzzlebot_control/prefix_override:/usr/lib/python3/dist-packages/colcon_core/task/python/colcon_distutils_commands:/home/sof/Challenge2_P2/install/puzzlebot_control/lib/python3.10/site-packages:${PYTHONPATH} /usr/bin/python3 -W ignore:setup.py install is deprecated -W ignore:easy_install command is deprecated setup.py egg_info --egg-base ../../build/puzzlebot_control build --build-base /home/sof/Challenge2_P2/build/puzzlebot_control/build install --record /home/sof/Challenge2_P2/build/puzzlebot_control/install.log --single-version-externally-managed install_data
[0.545s] running egg_info
[0.545s] creating ../../build/puzzlebot_control/puzzlebot_control.egg-info
[0.545s] writing ../../build/puzzlebot_control/puzzlebot_control.egg-info/PKG-INFO
[0.545s] writing dependency_links to ../../build/puzzlebot_control/puzzlebot_control.egg-info/dependency_links.txt
[0.546s] writing entry points to ../../build/puzzlebot_control/puzzlebot_control.egg-info/entry_points.txt
[0.546s] writing requirements to ../../build/puzzlebot_control/puzzlebot_control.egg-info/requires.txt
[0.546s] writing top-level names to ../../build/puzzlebot_control/puzzlebot_control.egg-info/top_level.txt
[0.546s] writing manifest file '../../build/puzzlebot_control/puzzlebot_control.egg-info/SOURCES.txt'
[0.546s] reading manifest file '../../build/puzzlebot_control/puzzlebot_control.egg-info/SOURCES.txt'
[0.547s] writing manifest file '../../build/puzzlebot_control/puzzlebot_control.egg-info/SOURCES.txt'
[0.547s] running build
[0.547s] running build_py
[0.547s] creating /home/sof/Challenge2_P2/build/puzzlebot_control/build
[0.547s] creating /home/sof/Challenge2_P2/build/puzzlebot_control/build/lib
[0.547s] creating /home/sof/Challenge2_P2/build/puzzlebot_control/build/lib/puzzlebot_control
[0.547s] copying puzzlebot_control/open_loop_ctrl.py -> /home/sof/Challenge2_P2/build/puzzlebot_control/build/lib/puzzlebot_control
[0.547s] copying puzzlebot_control/__init__.py -> /home/sof/Challenge2_P2/build/puzzlebot_control/build/lib/puzzlebot_control
[0.547s] running install
[0.547s] running install_lib
[0.547s] creating /home/sof/Challenge2_P2/install/puzzlebot_control/lib/python3.10/site-packages/puzzlebot_control
[0.547s] copying /home/sof/Challenge2_P2/build/puzzlebot_control/build/lib/puzzlebot_control/open_loop_ctrl.py -> /home/sof/Challenge2_P2/install/puzzlebot_control/lib/python3.10/site-packages/puzzlebot_control
[0.547s] copying /home/sof/Challenge2_P2/build/puzzlebot_control/build/lib/puzzlebot_control/__init__.py -> /home/sof/Challenge2_P2/install/puzzlebot_control/lib/python3.10/site-packages/puzzlebot_control
[0.548s] byte-compiling /home/sof/Challenge2_P2/install/puzzlebot_control/lib/python3.10/site-packages/puzzlebot_control/open_loop_ctrl.py to open_loop_ctrl.cpython-310.pyc
[0.548s] byte-compiling /home/sof/Challenge2_P2/install/puzzlebot_control/lib/python3.10/site-packages/puzzlebot_control/__init__.py to __init__.cpython-310.pyc
[0.548s] running install_data
[0.548s] creating /home/sof/Challenge2_P2/install/puzzlebot_control/share/ament_index
[0.548s] creating /home/sof/Challenge2_P2/install/puzzlebot_control/share/ament_index/resource_index
[0.548s] creating /home/sof/Challenge2_P2/install/puzzlebot_control/share/ament_index/resource_index/packages
[0.548s] copying resource/puzzlebot_control -> /home/sof/Challenge2_P2/install/puzzlebot_control/share/ament_index/resource_index/packages
[0.548s] copying package.xml -> /home/sof/Challenge2_P2/install/puzzlebot_control/share/puzzlebot_control
[0.548s] running install_egg_info
[0.549s] Copying ../../build/puzzlebot_control/puzzlebot_control.egg-info to /home/sof/Challenge2_P2/install/puzzlebot_control/lib/python3.10/site-packages/puzzlebot_control-0.0.0-py3.10.egg-info
[0.549s] running install_scripts
[0.559s] Installing open_loop_ctrl script to /home/sof/Challenge2_P2/install/puzzlebot_control/lib/puzzlebot_control
[0.559s] writing list of installed files to '/home/sof/Challenge2_P2/build/puzzlebot_control/install.log'
[0.570s] Invoked command in '/home/sof/Challenge2_P2/src/puzzlebot_control' returned '0': PYTHONPATH=/home/sof/Challenge2_P2/build/puzzlebot_control/prefix_override:/usr/lib/python3/dist-packages/colcon_core/task/python/colcon_distutils_commands:/home/sof/Challenge2_P2/install/puzzlebot_control/lib/python3.10/site-packages:${PYTHONPATH} /usr/bin/python3 -W ignore:setup.py install is deprecated -W ignore:easy_install command is deprecated setup.py egg_info --egg-base ../../build/puzzlebot_control build --build-base /home/sof/Challenge2_P2/build/puzzlebot_control/build install --record /home/sof/Challenge2_P2/build/puzzlebot_control/install.log --single-version-externally-managed install_data
