[0.038s] Invoking command in '/home/ubuntu/ros2_ws/src/MPU6050/build/MPU6050_reader': CMAKE_PREFIX_PATH=${CMAKE_PREFIX_PATH}:/opt/ros/jazzy /usr/bin/cmake --build /home/ubuntu/ros2_ws/src/MPU6050/build/MPU6050_reader -- -j8 -l8
[0.262s] Invoked command in '/home/ubuntu/ros2_ws/src/MPU6050/build/MPU6050_reader' returned '0': CMAKE_PREFIX_PATH=${CMAKE_PREFIX_PATH}:/opt/ros/jazzy /usr/bin/cmake --build /home/ubuntu/ros2_ws/src/MPU6050/build/MPU6050_reader -- -j8 -l8
[0.291s] Invoking command in '/home/ubuntu/ros2_ws/src/MPU6050/build/MPU6050_reader': CMAKE_PREFIX_PATH=${CMAKE_PREFIX_PATH}:/opt/ros/jazzy /usr/bin/cmake --install /home/ubuntu/ros2_ws/src/MPU6050/build/MPU6050_reader
[0.303s] -- Install configuration: ""
[0.304s] -- Up-to-date: /home/ubuntu/ros2_ws/src/MPU6050/install/MPU6050_reader/share/MPU6050_reader//scripts
[0.306s] -- Up-to-date: /home/ubuntu/ros2_ws/src/MPU6050/install/MPU6050_reader/share/MPU6050_reader//scripts/MPU6050.py
[0.308s] -- Up-to-date: /home/ubuntu/ros2_ws/src/MPU6050/install/MPU6050_reader/share/MPU6050_reader//src
[0.309s] -- Up-to-date: /home/ubuntu/ros2_ws/src/MPU6050/install/MPU6050_reader/lib/MPU6050_reader/MPU6050.py
[0.311s] -- Up-to-date: /home/ubuntu/ros2_ws/src/MPU6050/install/MPU6050_reader/share/ament_index/resource_index/package_run_dependencies/MPU6050_reader
[0.312s] -- Up-to-date: /home/ubuntu/ros2_ws/src/MPU6050/install/MPU6050_reader/share/ament_index/resource_index/parent_prefix_path/MPU6050_reader
[0.314s] -- Up-to-date: /home/ubuntu/ros2_ws/src/MPU6050/install/MPU6050_reader/share/MPU6050_reader/environment/ament_prefix_path.sh
[0.315s] -- Up-to-date: /home/ubuntu/ros2_ws/src/MPU6050/install/MPU6050_reader/share/MPU6050_reader/environment/ament_prefix_path.dsv
[0.318s] -- Up-to-date: /home/ubuntu/ros2_ws/src/MPU6050/install/MPU6050_reader/share/MPU6050_reader/environment/path.sh
[0.322s] -- Up-to-date: /home/ubuntu/ros2_ws/src/MPU6050/install/MPU6050_reader/share/MPU6050_reader/environment/path.dsv
[0.324s] -- Up-to-date: /home/ubuntu/ros2_ws/src/MPU6050/install/MPU6050_reader/share/MPU6050_reader/local_setup.bash
[0.325s] -- Up-to-date: /home/ubuntu/ros2_ws/src/MPU6050/install/MPU6050_reader/share/MPU6050_reader/local_setup.sh
[0.327s] -- Up-to-date: /home/ubuntu/ros2_ws/src/MPU6050/install/MPU6050_reader/share/MPU6050_reader/local_setup.zsh
[0.329s] -- Up-to-date: /home/ubuntu/ros2_ws/src/MPU6050/install/MPU6050_reader/share/MPU6050_reader/local_setup.dsv
[0.330s] -- Up-to-date: /home/ubuntu/ros2_ws/src/MPU6050/install/MPU6050_reader/share/MPU6050_reader/package.dsv
[0.333s] -- Up-to-date: /home/ubuntu/ros2_ws/src/MPU6050/install/MPU6050_reader/share/ament_index/resource_index/packages/MPU6050_reader
[0.335s] -- Up-to-date: /home/ubuntu/ros2_ws/src/MPU6050/install/MPU6050_reader/share/MPU6050_reader/cmake/MPU6050_readerConfig.cmake
[0.336s] -- Up-to-date: /home/ubuntu/ros2_ws/src/MPU6050/install/MPU6050_reader/share/MPU6050_reader/cmake/MPU6050_readerConfig-version.cmake
[0.340s] -- Up-to-date: /home/ubuntu/ros2_ws/src/MPU6050/install/MPU6050_reader/share/MPU6050_reader/package.xml
[0.341s] Invoked command in '/home/ubuntu/ros2_ws/src/MPU6050/build/MPU6050_reader' returned '0': CMAKE_PREFIX_PATH=${CMAKE_PREFIX_PATH}:/opt/ros/jazzy /usr/bin/cmake --install /home/ubuntu/ros2_ws/src/MPU6050/build/MPU6050_reader
