[0.155s] DEBUG:colcon:Command line arguments: ['/usr/bin/colcon', 'build']
[0.155s] DEBUG:colcon:Parsed command line arguments: Namespace(log_base=None, log_level=None, verb_name='build', build_base='build', install_base='install', merge_install=False, symlink_install=False, test_result_base=None, continue_on_error=False, executor='parallel', parallel_workers=8, event_handlers=None, ignore_user_meta=False, metas=['./colcon.meta'], base_paths=['.'], packages_ignore=None, packages_ignore_regex=None, paths=None, packages_up_to=None, packages_up_to_regex=None, packages_above=None, packages_above_and_dependencies=None, packages_above_depth=None, packages_select_by_dep=None, packages_skip_by_dep=None, packages_skip_up_to=None, packages_select_build_failed=False, packages_skip_build_finished=False, packages_select_test_failures=False, packages_skip_test_passed=False, packages_select=None, packages_skip=None, packages_select_regex=None, packages_skip_regex=None, packages_start=None, packages_end=None, allow_overriding=[], cmake_args=None, cmake_target=None, cmake_target_skip_unavailable=False, cmake_clean_cache=False, cmake_clean_first=False, cmake_force_configure=False, ament_cmake_args=None, catkin_cmake_args=None, catkin_skip_building_tests=False, mixin_files=None, mixin=None, verb_parser=<colcon_mixin.mixin.mixin_argument.MixinArgumentDecorator object at 0xffff94b502c0>, verb_extension=<colcon_core.verb.build.BuildVerb object at 0xffff94d08800>, main=<bound method BuildVerb.main of <colcon_core.verb.build.BuildVerb object at 0xffff94d08800>>, mixin_verb=('build',))
[0.210s] Level 1:colcon.colcon_core.package_discovery:discover_packages(colcon_meta) check parameters
[0.210s] Level 1:colcon.colcon_core.package_discovery:discover_packages(recursive) check parameters
[0.210s] Level 1:colcon.colcon_core.package_discovery:discover_packages(ignore) check parameters
[0.210s] Level 1:colcon.colcon_core.package_discovery:discover_packages(path) check parameters
[0.210s] Level 1:colcon.colcon_core.package_discovery:discover_packages(colcon_meta) discover
[0.210s] Level 1:colcon.colcon_core.package_discovery:discover_packages(recursive) discover
[0.210s] INFO:colcon.colcon_core.package_discovery:Crawling recursively for packages in '/home/ubuntu/ros2_ws/src/kalman_filter_ws'
[0.210s] Level 1:colcon.colcon_core.package_identification:_identify(.) by extensions ['ignore', 'ignore_ament_install']
[0.210s] Level 1:colcon.colcon_core.package_identification:_identify(.) by extension 'ignore'
[0.210s] Level 1:colcon.colcon_core.package_identification:_identify(.) by extension 'ignore_ament_install'
[0.210s] Level 1:colcon.colcon_core.package_identification:_identify(.) by extensions ['colcon_pkg']
[0.211s] Level 1:colcon.colcon_core.package_identification:_identify(.) by extension 'colcon_pkg'
[0.211s] Level 1:colcon.colcon_core.package_identification:_identify(.) by extensions ['colcon_meta']
[0.211s] Level 1:colcon.colcon_core.package_identification:_identify(.) by extension 'colcon_meta'
[0.211s] Level 1:colcon.colcon_core.package_identification:_identify(.) by extensions ['ros']
[0.211s] Level 1:colcon.colcon_core.package_identification:_identify(.) by extension 'ros'
[0.246s] Level 1:colcon.colcon_core.package_identification:_identify(.) by extensions ['cmake', 'python']
[0.246s] Level 1:colcon.colcon_core.package_identification:_identify(.) by extension 'cmake'
[0.246s] Level 1:colcon.colcon_core.package_identification:_identify(.) by extension 'python'
[0.246s] Level 1:colcon.colcon_core.package_identification:_identify(.) by extensions ['python_setup_py']
[0.246s] Level 1:colcon.colcon_core.package_identification:_identify(.) by extension 'python_setup_py'
[0.246s] Level 1:colcon.colcon_core.package_identification:_identify(build) by extensions ['ignore', 'ignore_ament_install']
[0.247s] Level 1:colcon.colcon_core.package_identification:_identify(build) by extension 'ignore'
[0.247s] Level 1:colcon.colcon_core.package_identification:_identify(build) ignored
[0.247s] Level 1:colcon.colcon_core.package_identification:_identify(install) by extensions ['ignore', 'ignore_ament_install']
[0.247s] Level 1:colcon.colcon_core.package_identification:_identify(install) by extension 'ignore'
[0.247s] Level 1:colcon.colcon_core.package_identification:_identify(install) ignored
[0.247s] Level 1:colcon.colcon_core.package_identification:_identify(log) by extensions ['ignore', 'ignore_ament_install']
[0.247s] Level 1:colcon.colcon_core.package_identification:_identify(log) by extension 'ignore'
[0.247s] Level 1:colcon.colcon_core.package_identification:_identify(log) ignored
[0.247s] Level 1:colcon.colcon_core.package_identification:_identify(src) by extensions ['ignore', 'ignore_ament_install']
[0.248s] Level 1:colcon.colcon_core.package_identification:_identify(src) by extension 'ignore'
[0.248s] Level 1:colcon.colcon_core.package_identification:_identify(src) by extension 'ignore_ament_install'
[0.248s] Level 1:colcon.colcon_core.package_identification:_identify(src) by extensions ['colcon_pkg']
[0.248s] Level 1:colcon.colcon_core.package_identification:_identify(src) by extension 'colcon_pkg'
[0.248s] Level 1:colcon.colcon_core.package_identification:_identify(src) by extensions ['colcon_meta']
[0.248s] Level 1:colcon.colcon_core.package_identification:_identify(src) by extension 'colcon_meta'
[0.248s] Level 1:colcon.colcon_core.package_identification:_identify(src) by extensions ['ros']
[0.248s] Level 1:colcon.colcon_core.package_identification:_identify(src) by extension 'ros'
[0.248s] Level 1:colcon.colcon_core.package_identification:_identify(src) by extensions ['cmake', 'python']
[0.248s] Level 1:colcon.colcon_core.package_identification:_identify(src) by extension 'cmake'
[0.248s] Level 1:colcon.colcon_core.package_identification:_identify(src) by extension 'python'
[0.248s] Level 1:colcon.colcon_core.package_identification:_identify(src) by extensions ['python_setup_py']
[0.248s] Level 1:colcon.colcon_core.package_identification:_identify(src) by extension 'python_setup_py'
[0.248s] Level 1:colcon.colcon_core.package_identification:_identify(src/extended_kalman_filter) by extensions ['ignore', 'ignore_ament_install']
[0.249s] Level 1:colcon.colcon_core.package_identification:_identify(src/extended_kalman_filter) by extension 'ignore'
[0.249s] Level 1:colcon.colcon_core.package_identification:_identify(src/extended_kalman_filter) by extension 'ignore_ament_install'
[0.249s] Level 1:colcon.colcon_core.package_identification:_identify(src/extended_kalman_filter) by extensions ['colcon_pkg']
[0.249s] Level 1:colcon.colcon_core.package_identification:_identify(src/extended_kalman_filter) by extension 'colcon_pkg'
[0.249s] Level 1:colcon.colcon_core.package_identification:_identify(src/extended_kalman_filter) by extensions ['colcon_meta']
[0.249s] Level 1:colcon.colcon_core.package_identification:_identify(src/extended_kalman_filter) by extension 'colcon_meta'
[0.249s] Level 1:colcon.colcon_core.package_identification:_identify(src/extended_kalman_filter) by extensions ['ros']
[0.249s] Level 1:colcon.colcon_core.package_identification:_identify(src/extended_kalman_filter) by extension 'ros'
[0.252s] DEBUG:colcon.colcon_core.package_identification:Package 'src/extended_kalman_filter' with type 'ros.ament_cmake' and name 'extended_kalman_filter'
[0.252s] Level 1:colcon.colcon_core.package_discovery:discover_packages(recursive) using defaults
[0.253s] Level 1:colcon.colcon_core.package_discovery:discover_packages(ignore) discover
[0.253s] Level 1:colcon.colcon_core.package_discovery:discover_packages(ignore) using defaults
[0.253s] Level 1:colcon.colcon_core.package_discovery:discover_packages(path) discover
[0.253s] Level 1:colcon.colcon_core.package_discovery:discover_packages(path) using defaults
[0.275s] Level 1:colcon.colcon_core.package_discovery:discover_packages(prefix_path) check parameters
[0.275s] Level 1:colcon.colcon_core.package_discovery:discover_packages(prefix_path) discover
[0.278s] DEBUG:colcon.colcon_installed_package_information.package_discovery:Found 1 installed packages in /home/ubuntu/ros2_ws/src/kalman_filter_ws/install
[0.278s] DEBUG:colcon.colcon_installed_package_information.package_discovery:Found 1 installed packages in /home/ubuntu/microros_ws/install
[0.280s] DEBUG:colcon.colcon_installed_package_information.package_discovery:Found 290 installed packages in /opt/ros/jazzy
[0.282s] Level 1:colcon.colcon_core.package_discovery:discover_packages(prefix_path) using defaults
[0.339s] Level 5:colcon.colcon_core.verb:set package 'extended_kalman_filter' build argument 'cmake_args' from command line to 'None'
[0.339s] Level 5:colcon.colcon_core.verb:set package 'extended_kalman_filter' build argument 'cmake_target' from command line to 'None'
[0.339s] Level 5:colcon.colcon_core.verb:set package 'extended_kalman_filter' build argument 'cmake_target_skip_unavailable' from command line to 'False'
[0.339s] Level 5:colcon.colcon_core.verb:set package 'extended_kalman_filter' build argument 'cmake_clean_cache' from command line to 'False'
[0.339s] Level 5:colcon.colcon_core.verb:set package 'extended_kalman_filter' build argument 'cmake_clean_first' from command line to 'False'
[0.339s] Level 5:colcon.colcon_core.verb:set package 'extended_kalman_filter' build argument 'cmake_force_configure' from command line to 'False'
[0.339s] Level 5:colcon.colcon_core.verb:set package 'extended_kalman_filter' build argument 'ament_cmake_args' from command line to 'None'
[0.339s] Level 5:colcon.colcon_core.verb:set package 'extended_kalman_filter' build argument 'catkin_cmake_args' from command line to 'None'
[0.339s] Level 5:colcon.colcon_core.verb:set package 'extended_kalman_filter' build argument 'catkin_skip_building_tests' from command line to 'False'
[0.339s] DEBUG:colcon.colcon_core.verb:Building package 'extended_kalman_filter' with the following arguments: {'ament_cmake_args': None, 'build_base': '/home/ubuntu/ros2_ws/src/kalman_filter_ws/build/extended_kalman_filter', 'catkin_cmake_args': None, 'catkin_skip_building_tests': False, 'cmake_args': None, 'cmake_clean_cache': False, 'cmake_clean_first': False, 'cmake_force_configure': False, 'cmake_target': None, 'cmake_target_skip_unavailable': False, 'install_base': '/home/ubuntu/ros2_ws/src/kalman_filter_ws/install/extended_kalman_filter', 'merge_install': False, 'path': '/home/ubuntu/ros2_ws/src/kalman_filter_ws/src/extended_kalman_filter', 'symlink_install': False, 'test_result_base': None}
[0.340s] INFO:colcon.colcon_core.executor:Executing jobs using 'parallel' executor
[0.341s] DEBUG:colcon.colcon_parallel_executor.executor.parallel:run_until_complete
[0.341s] INFO:colcon.colcon_ros.task.ament_cmake.build:Building ROS package in '/home/ubuntu/ros2_ws/src/kalman_filter_ws/src/extended_kalman_filter' with build type 'ament_cmake'
[0.342s] INFO:colcon.colcon_cmake.task.cmake.build:Building CMake package in '/home/ubuntu/ros2_ws/src/kalman_filter_ws/src/extended_kalman_filter'
[0.344s] INFO:colcon.colcon_core.plugin_system:Skipping extension 'colcon_core.shell.bat': Not used on non-Windows systems
[0.344s] INFO:colcon.colcon_core.shell:Skip shell extension 'powershell' for command environment: Not usable outside of PowerShell
[0.344s] DEBUG:colcon.colcon_core.shell:Skip shell extension 'dsv' for command environment
[0.361s] DEBUG:colcon.colcon_core.event_handler.log_command:Invoking command in '/home/ubuntu/ros2_ws/src/kalman_filter_ws/build/extended_kalman_filter': CMAKE_PREFIX_PATH=${CMAKE_PREFIX_PATH}:/opt/ros/jazzy /usr/bin/cmake --build /home/ubuntu/ros2_ws/src/kalman_filter_ws/build/extended_kalman_filter -- -j8 -l8
[0.483s] DEBUG:colcon.colcon_core.event_handler.log_command:Invoked command in '/home/ubuntu/ros2_ws/src/kalman_filter_ws/build/extended_kalman_filter' returned '0': CMAKE_PREFIX_PATH=${CMAKE_PREFIX_PATH}:/opt/ros/jazzy /usr/bin/cmake --build /home/ubuntu/ros2_ws/src/kalman_filter_ws/build/extended_kalman_filter -- -j8 -l8
[0.508s] DEBUG:colcon.colcon_core.event_handler.log_command:Invoking command in '/home/ubuntu/ros2_ws/src/kalman_filter_ws/build/extended_kalman_filter': CMAKE_PREFIX_PATH=${CMAKE_PREFIX_PATH}:/opt/ros/jazzy /usr/bin/cmake --install /home/ubuntu/ros2_ws/src/kalman_filter_ws/build/extended_kalman_filter
[0.536s] Level 1:colcon.colcon_core.environment:create_environment_scripts_only(extended_kalman_filter)
[0.583s] DEBUG:colcon.colcon_core.event_handler.log_command:Invoked command in '/home/ubuntu/ros2_ws/src/kalman_filter_ws/build/extended_kalman_filter' returned '0': CMAKE_PREFIX_PATH=${CMAKE_PREFIX_PATH}:/opt/ros/jazzy /usr/bin/cmake --install /home/ubuntu/ros2_ws/src/kalman_filter_ws/build/extended_kalman_filter
[0.596s] Level 1:colcon.colcon_core.environment:checking '/home/ubuntu/ros2_ws/src/kalman_filter_ws/install/extended_kalman_filter' for CMake module files
[0.605s] Level 1:colcon.colcon_core.environment:checking '/home/ubuntu/ros2_ws/src/kalman_filter_ws/install/extended_kalman_filter' for CMake config files
[0.608s] Level 1:colcon.colcon_core.shell:create_environment_hook('extended_kalman_filter', 'cmake_prefix_path')
[0.610s] INFO:colcon.colcon_core.shell:Creating environment hook '/home/ubuntu/ros2_ws/src/kalman_filter_ws/install/extended_kalman_filter/share/extended_kalman_filter/hook/cmake_prefix_path.ps1'
[0.615s] INFO:colcon.colcon_core.shell:Creating environment descriptor '/home/ubuntu/ros2_ws/src/kalman_filter_ws/install/extended_kalman_filter/share/extended_kalman_filter/hook/cmake_prefix_path.dsv'
[0.618s] INFO:colcon.colcon_core.shell:Creating environment hook '/home/ubuntu/ros2_ws/src/kalman_filter_ws/install/extended_kalman_filter/share/extended_kalman_filter/hook/cmake_prefix_path.sh'
[0.623s] Level 1:colcon.colcon_core.environment:checking '/home/ubuntu/ros2_ws/src/kalman_filter_ws/install/extended_kalman_filter/lib'
[0.623s] Level 1:colcon.colcon_core.environment:checking '/home/ubuntu/ros2_ws/src/kalman_filter_ws/install/extended_kalman_filter/bin'
[0.624s] Level 1:colcon.colcon_core.environment:checking '/home/ubuntu/ros2_ws/src/kalman_filter_ws/install/extended_kalman_filter/lib/pkgconfig/extended_kalman_filter.pc'
[0.626s] Level 1:colcon.colcon_core.environment:checking '/home/ubuntu/ros2_ws/src/kalman_filter_ws/install/extended_kalman_filter/lib/python3.12/site-packages'
[0.628s] Level 1:colcon.colcon_core.environment:checking '/home/ubuntu/ros2_ws/src/kalman_filter_ws/install/extended_kalman_filter/bin'
[0.630s] INFO:colcon.colcon_core.shell:Creating package script '/home/ubuntu/ros2_ws/src/kalman_filter_ws/install/extended_kalman_filter/share/extended_kalman_filter/package.ps1'
[0.636s] INFO:colcon.colcon_core.shell:Creating package descriptor '/home/ubuntu/ros2_ws/src/kalman_filter_ws/install/extended_kalman_filter/share/extended_kalman_filter/package.dsv'
[0.638s] INFO:colcon.colcon_core.shell:Creating package script '/home/ubuntu/ros2_ws/src/kalman_filter_ws/install/extended_kalman_filter/share/extended_kalman_filter/package.sh'
[0.641s] INFO:colcon.colcon_core.shell:Creating package script '/home/ubuntu/ros2_ws/src/kalman_filter_ws/install/extended_kalman_filter/share/extended_kalman_filter/package.bash'
[0.644s] INFO:colcon.colcon_core.shell:Creating package script '/home/ubuntu/ros2_ws/src/kalman_filter_ws/install/extended_kalman_filter/share/extended_kalman_filter/package.zsh'
[0.646s] Level 1:colcon.colcon_core.environment:create_file_with_runtime_dependencies(/home/ubuntu/ros2_ws/src/kalman_filter_ws/install/extended_kalman_filter/share/colcon-core/packages/extended_kalman_filter)
[0.648s] Level 1:colcon.colcon_core.environment:create_environment_scripts_only(extended_kalman_filter)
[0.649s] Level 1:colcon.colcon_core.environment:checking '/home/ubuntu/ros2_ws/src/kalman_filter_ws/install/extended_kalman_filter' for CMake module files
[0.652s] Level 1:colcon.colcon_core.environment:checking '/home/ubuntu/ros2_ws/src/kalman_filter_ws/install/extended_kalman_filter' for CMake config files
[0.653s] Level 1:colcon.colcon_core.shell:create_environment_hook('extended_kalman_filter', 'cmake_prefix_path')
[0.654s] INFO:colcon.colcon_core.shell:Creating environment hook '/home/ubuntu/ros2_ws/src/kalman_filter_ws/install/extended_kalman_filter/share/extended_kalman_filter/hook/cmake_prefix_path.ps1'
[0.656s] INFO:colcon.colcon_core.shell:Creating environment descriptor '/home/ubuntu/ros2_ws/src/kalman_filter_ws/install/extended_kalman_filter/share/extended_kalman_filter/hook/cmake_prefix_path.dsv'
[0.657s] INFO:colcon.colcon_core.shell:Creating environment hook '/home/ubuntu/ros2_ws/src/kalman_filter_ws/install/extended_kalman_filter/share/extended_kalman_filter/hook/cmake_prefix_path.sh'
[0.659s] Level 1:colcon.colcon_core.environment:checking '/home/ubuntu/ros2_ws/src/kalman_filter_ws/install/extended_kalman_filter/lib'
[0.659s] Level 1:colcon.colcon_core.environment:checking '/home/ubuntu/ros2_ws/src/kalman_filter_ws/install/extended_kalman_filter/bin'
[0.659s] Level 1:colcon.colcon_core.environment:checking '/home/ubuntu/ros2_ws/src/kalman_filter_ws/install/extended_kalman_filter/lib/pkgconfig/extended_kalman_filter.pc'
[0.660s] Level 1:colcon.colcon_core.environment:checking '/home/ubuntu/ros2_ws/src/kalman_filter_ws/install/extended_kalman_filter/lib/python3.12/site-packages'
[0.662s] Level 1:colcon.colcon_core.environment:checking '/home/ubuntu/ros2_ws/src/kalman_filter_ws/install/extended_kalman_filter/bin'
[0.663s] INFO:colcon.colcon_core.shell:Creating package script '/home/ubuntu/ros2_ws/src/kalman_filter_ws/install/extended_kalman_filter/share/extended_kalman_filter/package.ps1'
[0.666s] INFO:colcon.colcon_core.shell:Creating package descriptor '/home/ubuntu/ros2_ws/src/kalman_filter_ws/install/extended_kalman_filter/share/extended_kalman_filter/package.dsv'
[0.668s] INFO:colcon.colcon_core.shell:Creating package script '/home/ubuntu/ros2_ws/src/kalman_filter_ws/install/extended_kalman_filter/share/extended_kalman_filter/package.sh'
[0.669s] INFO:colcon.colcon_core.shell:Creating package script '/home/ubuntu/ros2_ws/src/kalman_filter_ws/install/extended_kalman_filter/share/extended_kalman_filter/package.bash'
[0.672s] INFO:colcon.colcon_core.shell:Creating package script '/home/ubuntu/ros2_ws/src/kalman_filter_ws/install/extended_kalman_filter/share/extended_kalman_filter/package.zsh'
[0.674s] Level 1:colcon.colcon_core.environment:create_file_with_runtime_dependencies(/home/ubuntu/ros2_ws/src/kalman_filter_ws/install/extended_kalman_filter/share/colcon-core/packages/extended_kalman_filter)
[0.675s] DEBUG:colcon.colcon_parallel_executor.executor.parallel:closing loop
[0.676s] DEBUG:colcon.colcon_parallel_executor.executor.parallel:loop closed
[0.677s] DEBUG:colcon.colcon_parallel_executor.executor.parallel:run_until_complete finished with '0'
[0.678s] DEBUG:colcon.colcon_core.event_reactor:joining thread
[0.679s] DEBUG:colcon.colcon_core.event_reactor:joined thread
[0.681s] INFO:colcon.colcon_core.shell:Creating prefix script '/home/ubuntu/ros2_ws/src/kalman_filter_ws/install/local_setup.ps1'
[0.685s] INFO:colcon.colcon_core.shell:Creating prefix util module '/home/ubuntu/ros2_ws/src/kalman_filter_ws/install/_local_setup_util_ps1.py'
[0.691s] INFO:colcon.colcon_core.shell:Creating prefix chain script '/home/ubuntu/ros2_ws/src/kalman_filter_ws/install/setup.ps1'
[0.696s] INFO:colcon.colcon_core.shell:Creating prefix script '/home/ubuntu/ros2_ws/src/kalman_filter_ws/install/local_setup.sh'
[0.698s] INFO:colcon.colcon_core.shell:Creating prefix util module '/home/ubuntu/ros2_ws/src/kalman_filter_ws/install/_local_setup_util_sh.py'
[0.700s] INFO:colcon.colcon_core.shell:Creating prefix chain script '/home/ubuntu/ros2_ws/src/kalman_filter_ws/install/setup.sh'
[0.704s] INFO:colcon.colcon_core.shell:Creating prefix script '/home/ubuntu/ros2_ws/src/kalman_filter_ws/install/local_setup.bash'
[0.705s] INFO:colcon.colcon_core.shell:Creating prefix chain script '/home/ubuntu/ros2_ws/src/kalman_filter_ws/install/setup.bash'
[0.709s] INFO:colcon.colcon_core.shell:Creating prefix script '/home/ubuntu/ros2_ws/src/kalman_filter_ws/install/local_setup.zsh'
[0.710s] INFO:colcon.colcon_core.shell:Creating prefix chain script '/home/ubuntu/ros2_ws/src/kalman_filter_ws/install/setup.zsh'
