[0.024s] Invoking command in '/home/ubuntu/ros2_ws/src/kalman_filter_ws/build/extended_kalman_filter': CMAKE_PREFIX_PATH=${CMAKE_PREFIX_PATH}:/opt/ros/jazzy /usr/bin/cmake --build /home/ubuntu/ros2_ws/src/kalman_filter_ws/build/extended_kalman_filter -- -j8 -l8
[0.072s] -- Found ament_cmake: 2.5.6 (/opt/ros/jazzy/share/ament_cmake/cmake)
[0.582s] -- Found rclcpp: 28.1.18 (/opt/ros/jazzy/share/rclcpp/cmake)
[0.643s] -- Found rosidl_generator_c: 4.6.7 (/opt/ros/jazzy/share/rosidl_generator_c/cmake)
[0.656s] -- Found rosidl_generator_cpp: 4.6.7 (/opt/ros/jazzy/share/rosidl_generator_cpp/cmake)
[0.672s] -- Using all available rosidl_typesupport_c: rosidl_typesupport_fastrtps_c;rosidl_typesupport_introspection_c
[0.688s] -- Using all available rosidl_typesupport_cpp: rosidl_typesupport_fastrtps_cpp;rosidl_typesupport_introspection_cpp
[0.755s] -- Found rmw_implementation_cmake: 7.3.3 (/opt/ros/jazzy/share/rmw_implementation_cmake/cmake)
[0.756s] -- Found rmw_fastrtps_cpp: 8.4.3 (/opt/ros/jazzy/share/rmw_fastrtps_cpp/cmake)
[0.828s] -- Using RMW implementation 'rmw_fastrtps_cpp' as default
[0.894s] -- Found rclpy: 7.1.11 (/opt/ros/jazzy/share/rclpy/cmake)
[0.894s] -- Found std_msgs: 5.3.7 (/opt/ros/jazzy/share/std_msgs/cmake)
[0.908s] -- Found nav_msgs: 5.3.7 (/opt/ros/jazzy/share/nav_msgs/cmake)
[0.948s] -- Found sensor_msgs: 5.3.7 (/opt/ros/jazzy/share/sensor_msgs/cmake)
[0.971s] -- Found ament_lint_auto: 0.17.5 (/opt/ros/jazzy/share/ament_lint_auto/cmake)
[1.111s] -- Added test 'flake8' to check Python code syntax and style conventions
[1.112s] -- Configured 'flake8' exclude dirs and/or files: 
[1.112s] -- Added test 'lint_cmake' to check CMake code style
[1.112s] -- Added test 'pep257' to check Python code against some of the docstring style conventions in PEP 257
[1.113s] -- Added test 'xmllint' to check XML markup files
[1.116s] -- Configuring done (1.0s)
[1.122s] -- Generating done (0.0s)
[1.126s] -- Build files have been written to: /home/ubuntu/ros2_ws/src/kalman_filter_ws/build/extended_kalman_filter
[1.192s] Invoked command in '/home/ubuntu/ros2_ws/src/kalman_filter_ws/build/extended_kalman_filter' returned '0': CMAKE_PREFIX_PATH=${CMAKE_PREFIX_PATH}:/opt/ros/jazzy /usr/bin/cmake --build /home/ubuntu/ros2_ws/src/kalman_filter_ws/build/extended_kalman_filter -- -j8 -l8
[1.214s] Invoking command in '/home/ubuntu/ros2_ws/src/kalman_filter_ws/build/extended_kalman_filter': CMAKE_PREFIX_PATH=${CMAKE_PREFIX_PATH}:/opt/ros/jazzy /usr/bin/cmake --install /home/ubuntu/ros2_ws/src/kalman_filter_ws/build/extended_kalman_filter
[1.227s] -- Install configuration: ""
[1.229s] -- Up-to-date: /home/ubuntu/ros2_ws/src/kalman_filter_ws/install/extended_kalman_filter/share/extended_kalman_filter//launch
[1.230s] -- Up-to-date: /home/ubuntu/ros2_ws/src/kalman_filter_ws/install/extended_kalman_filter/share/extended_kalman_filter//launch/launcher.launch.py
[1.231s] -- Up-to-date: /home/ubuntu/ros2_ws/src/kalman_filter_ws/install/extended_kalman_filter/share/extended_kalman_filter//src
[1.233s] -- Up-to-date: /home/ubuntu/ros2_ws/src/kalman_filter_ws/install/extended_kalman_filter/share/extended_kalman_filter//scripts
[1.235s] -- Installing: /home/ubuntu/ros2_ws/src/kalman_filter_ws/install/extended_kalman_filter/share/extended_kalman_filter//scripts/rotate_node.py
[1.237s] -- Up-to-date: /home/ubuntu/ros2_ws/src/kalman_filter_ws/install/extended_kalman_filter/share/extended_kalman_filter//scripts/node_extra.py
[1.240s] -- Up-to-date: /home/ubuntu/ros2_ws/src/kalman_filter_ws/install/extended_kalman_filter/share/extended_kalman_filter//scripts/node_odometry.py
[1.242s] -- Up-to-date: /home/ubuntu/ros2_ws/src/kalman_filter_ws/install/extended_kalman_filter/share/extended_kalman_filter//scripts/closed_loop_ctrl.py
[1.248s] -- Up-to-date: /home/ubuntu/ros2_ws/src/kalman_filter_ws/install/extended_kalman_filter/share/extended_kalman_filter//scripts/error.py
[1.251s] -- Up-to-date: /home/ubuntu/ros2_ws/src/kalman_filter_ws/install/extended_kalman_filter/lib/extended_kalman_filter/node_extra.py
[1.253s] -- Up-to-date: /home/ubuntu/ros2_ws/src/kalman_filter_ws/install/extended_kalman_filter/lib/extended_kalman_filter/error.py
[1.256s] -- Installing: /home/ubuntu/ros2_ws/src/kalman_filter_ws/install/extended_kalman_filter/lib/extended_kalman_filter/rotate_node.py
[1.257s] -- Up-to-date: /home/ubuntu/ros2_ws/src/kalman_filter_ws/install/extended_kalman_filter/lib/extended_kalman_filter/node_odometry.py
[1.259s] -- Up-to-date: /home/ubuntu/ros2_ws/src/kalman_filter_ws/install/extended_kalman_filter/lib/extended_kalman_filter/closed_loop_ctrl.py
[1.260s] -- Up-to-date: /home/ubuntu/ros2_ws/src/kalman_filter_ws/install/extended_kalman_filter/share/ament_index/resource_index/package_run_dependencies/extended_kalman_filter
[1.264s] -- Installing: /home/ubuntu/ros2_ws/src/kalman_filter_ws/install/extended_kalman_filter/share/ament_index/resource_index/parent_prefix_path/extended_kalman_filter
[1.265s] -- Up-to-date: /home/ubuntu/ros2_ws/src/kalman_filter_ws/install/extended_kalman_filter/share/extended_kalman_filter/environment/ament_prefix_path.sh
[1.267s] -- Up-to-date: /home/ubuntu/ros2_ws/src/kalman_filter_ws/install/extended_kalman_filter/share/extended_kalman_filter/environment/ament_prefix_path.dsv
[1.269s] -- Up-to-date: /home/ubuntu/ros2_ws/src/kalman_filter_ws/install/extended_kalman_filter/share/extended_kalman_filter/environment/path.sh
[1.271s] -- Up-to-date: /home/ubuntu/ros2_ws/src/kalman_filter_ws/install/extended_kalman_filter/share/extended_kalman_filter/environment/path.dsv
[1.274s] -- Up-to-date: /home/ubuntu/ros2_ws/src/kalman_filter_ws/install/extended_kalman_filter/share/extended_kalman_filter/local_setup.bash
[1.278s] -- Up-to-date: /home/ubuntu/ros2_ws/src/kalman_filter_ws/install/extended_kalman_filter/share/extended_kalman_filter/local_setup.sh
[1.280s] -- Up-to-date: /home/ubuntu/ros2_ws/src/kalman_filter_ws/install/extended_kalman_filter/share/extended_kalman_filter/local_setup.zsh
[1.282s] -- Up-to-date: /home/ubuntu/ros2_ws/src/kalman_filter_ws/install/extended_kalman_filter/share/extended_kalman_filter/local_setup.dsv
[1.283s] -- Installing: /home/ubuntu/ros2_ws/src/kalman_filter_ws/install/extended_kalman_filter/share/extended_kalman_filter/package.dsv
[1.284s] -- Up-to-date: /home/ubuntu/ros2_ws/src/kalman_filter_ws/install/extended_kalman_filter/share/ament_index/resource_index/packages/extended_kalman_filter
[1.287s] -- Up-to-date: /home/ubuntu/ros2_ws/src/kalman_filter_ws/install/extended_kalman_filter/share/extended_kalman_filter/cmake/extended_kalman_filterConfig.cmake
[1.288s] -- Up-to-date: /home/ubuntu/ros2_ws/src/kalman_filter_ws/install/extended_kalman_filter/share/extended_kalman_filter/cmake/extended_kalman_filterConfig-version.cmake
[1.290s] -- Up-to-date: /home/ubuntu/ros2_ws/src/kalman_filter_ws/install/extended_kalman_filter/share/extended_kalman_filter/package.xml
[1.292s] Invoked command in '/home/ubuntu/ros2_ws/src/kalman_filter_ws/build/extended_kalman_filter' returned '0': CMAKE_PREFIX_PATH=${CMAKE_PREFIX_PATH}:/opt/ros/jazzy /usr/bin/cmake --install /home/ubuntu/ros2_ws/src/kalman_filter_ws/build/extended_kalman_filter
