[0.323s] Invoking command in '/home/sof/Challenge2_P2/src/puzzlebot_control': PYTHONPATH=/home/sof/Challenge2_P2/build/puzzlebot_control/prefix_override:/usr/lib/python3/dist-packages/colcon_core/task/python/colcon_distutils_commands:/home/sof/Challenge2_P2/install/puzzlebot_control/lib/python3.10/site-packages:${PYTHONPATH} /usr/bin/python3 -W ignore:setup.py install is deprecated -W ignore:easy_install command is deprecated setup.py egg_info --egg-base ../../build/puzzlebot_control build --build-base /home/sof/Challenge2_P2/build/puzzlebot_control/build install --record /home/sof/Challenge2_P2/build/puzzlebot_control/install.log --single-version-externally-managed install_data
[0.443s] running egg_info
[0.443s] writing ../../build/puzzlebot_control/puzzlebot_control.egg-info/PKG-INFO
[0.444s] writing dependency_links to ../../build/puzzlebot_control/puzzlebot_control.egg-info/dependency_links.txt
[0.444s] writing entry points to ../../build/puzzlebot_control/puzzlebot_control.egg-info/entry_points.txt
[0.444s] writing requirements to ../../build/puzzlebot_control/puzzlebot_control.egg-info/requires.txt
[0.444s] writing top-level names to ../../build/puzzlebot_control/puzzlebot_control.egg-info/top_level.txt
[0.445s] reading manifest file '../../build/puzzlebot_control/puzzlebot_control.egg-info/SOURCES.txt'
[0.445s] writing manifest file '../../build/puzzlebot_control/puzzlebot_control.egg-info/SOURCES.txt'
[0.445s] running build
[0.445s] running build_py
[0.446s] copying puzzlebot_control/open_loop_ctrl.py -> /home/sof/Challenge2_P2/build/puzzlebot_control/build/lib/puzzlebot_control
[0.446s] running install
[0.446s] running install_lib
[0.446s] copying /home/sof/Challenge2_P2/build/puzzlebot_control/build/lib/puzzlebot_control/open_loop_ctrl.py -> /home/sof/Challenge2_P2/install/puzzlebot_control/lib/python3.10/site-packages/puzzlebot_control
[0.447s] byte-compiling /home/sof/Challenge2_P2/install/puzzlebot_control/lib/python3.10/site-packages/puzzlebot_control/open_loop_ctrl.py to open_loop_ctrl.cpython-310.pyc
[0.447s] running install_data
[0.447s] running install_egg_info
[0.448s] removing '/home/sof/Challenge2_P2/install/puzzlebot_control/lib/python3.10/site-packages/puzzlebot_control-0.0.0-py3.10.egg-info' (and everything under it)
[0.448s] Copying ../../build/puzzlebot_control/puzzlebot_control.egg-info to /home/sof/Challenge2_P2/install/puzzlebot_control/lib/python3.10/site-packages/puzzlebot_control-0.0.0-py3.10.egg-info
[0.449s] running install_scripts
[0.460s] Installing open_loop_ctrl script to /home/sof/Challenge2_P2/install/puzzlebot_control/lib/puzzlebot_control
[0.461s] writing list of installed files to '/home/sof/Challenge2_P2/build/puzzlebot_control/install.log'
[0.472s] Invoked command in '/home/sof/Challenge2_P2/src/puzzlebot_control' returned '0': PYTHONPATH=/home/sof/Challenge2_P2/build/puzzlebot_control/prefix_override:/usr/lib/python3/dist-packages/colcon_core/task/python/colcon_distutils_commands:/home/sof/Challenge2_P2/install/puzzlebot_control/lib/python3.10/site-packages:${PYTHONPATH} /usr/bin/python3 -W ignore:setup.py install is deprecated -W ignore:easy_install command is deprecated setup.py egg_info --egg-base ../../build/puzzlebot_control build --build-base /home/sof/Challenge2_P2/build/puzzlebot_control/build install --record /home/sof/Challenge2_P2/build/puzzlebot_control/install.log --single-version-externally-managed install_data
